Archive member included to satisfy reference by file (symbol)

app/libapp.a(main.c.obj)      (--whole-archive)
zephyr/libzephyr.a(cbprintf_packaged.c.obj)
                              (--whole-archive)
zephyr/libzephyr.a(crc32c_sw.c.obj)
                              (--whole-archive)
zephyr/libzephyr.a(crc32_sw.c.obj)
                              (--whole-archive)
zephyr/libzephyr.a(crc16_sw.c.obj)
                              (--whole-archive)
zephyr/libzephyr.a(crc8_sw.c.obj)
                              (--whole-archive)
zephyr/libzephyr.a(crc7_sw.c.obj)
                              (--whole-archive)
zephyr/libzephyr.a(dec.c.obj)
                              (--whole-archive)
zephyr/libzephyr.a(fdtable.c.obj)
                              (--whole-archive)
zephyr/libzephyr.a(hex.c.obj)
                              (--whole-archive)
zephyr/libzephyr.a(printk.c.obj)
                              (--whole-archive)
zephyr/libzephyr.a(rb.c.obj)  (--whole-archive)
zephyr/libzephyr.a(sem.c.obj)
                              (--whole-archive)
zephyr/libzephyr.a(thread_entry.c.obj)
                              (--whole-archive)
zephyr/libzephyr.a(timeutil.c.obj)
                              (--whole-archive)
zephyr/libzephyr.a(heap.c.obj)
                              (--whole-archive)
zephyr/libzephyr.a(heap-validate.c.obj)
                              (--whole-archive)
zephyr/libzephyr.a(bitarray.c.obj)
                              (--whole-archive)
zephyr/libzephyr.a(multi_heap.c.obj)
                              (--whole-archive)
zephyr/libzephyr.a(onoff.c.obj)
                              (--whole-archive)
zephyr/libzephyr.a(notify.c.obj)
                              (--whole-archive)
zephyr/libzephyr.a(cbprintf_complete.c.obj)
                              (--whole-archive)
zephyr/libzephyr.a(cbprintf.c.obj)
                              (--whole-archive)
zephyr/libzephyr.a(assert.c.obj)
                              (--whole-archive)
zephyr/libzephyr.a(mpsc_pbuf.c.obj)
                              (--whole-archive)
zephyr/libzephyr.a(reboot.c.obj)
                              (--whole-archive)
zephyr/libzephyr.a(configs.c.obj)
                              (--whole-archive)
zephyr/libzephyr.a(soc.c.obj)
                              (--whole-archive)
zephyr/libzephyr.a(power.c.obj)
                              (--whole-archive)
zephyr/libzephyr.a(soc_nrf_common.S.obj)
                              (--whole-archive)
zephyr/libzephyr.a(validate_base_addresses.c.obj)
                              (--whole-archive)
zephyr/libzephyr.a(validate_enabled_instances.c.obj)
                              (--whole-archive)
zephyr/libzephyr.a(log_core.c.obj)
                              (--whole-archive)
zephyr/libzephyr.a(log_mgmt.c.obj)
                              (--whole-archive)
zephyr/libzephyr.a(log_cache.c.obj)
                              (--whole-archive)
zephyr/libzephyr.a(log_msg.c.obj)
                              (--whole-archive)
zephyr/libzephyr.a(log_output.c.obj)
                              (--whole-archive)
zephyr/libzephyr.a(log_backend_uart.c.obj)
                              (--whole-archive)
zephyr/libzephyr.a(pm.c.obj)  (--whole-archive)
zephyr/libzephyr.a(policy.c.obj)
                              (--whole-archive)
zephyr/libzephyr.a(state.c.obj)
                              (--whole-archive)
zephyr/libzephyr.a(tracing_none.c.obj)
                              (--whole-archive)
zephyr/libzephyr.a(nrf_cc3xx_platform_abort_zephyr.c.obj)
                              (--whole-archive)
zephyr/libzephyr.a(nrf_cc3xx_platform_mutex_zephyr.c.obj)
                              (--whole-archive)
zephyr/arch/common/libarch__common.a(sw_isr_common.c.obj)
                              (--whole-archive)
zephyr/arch/arch/arm/core/aarch32/libarch__arm__core__aarch32.a(cpu_idle.S.obj)
                              (--whole-archive)
zephyr/arch/arch/arm/core/aarch32/libarch__arm__core__aarch32.a(fatal.c.obj)
                              (--whole-archive)
zephyr/arch/arch/arm/core/aarch32/libarch__arm__core__aarch32.a(irq_manage.c.obj)
                              (--whole-archive)
zephyr/arch/arch/arm/core/aarch32/libarch__arm__core__aarch32.a(nmi.c.obj)
                              (--whole-archive)
zephyr/arch/arch/arm/core/aarch32/libarch__arm__core__aarch32.a(nmi_on_reset.S.obj)
                              (--whole-archive)
zephyr/arch/arch/arm/core/aarch32/libarch__arm__core__aarch32.a(prep_c.c.obj)
                              (--whole-archive)
zephyr/arch/arch/arm/core/aarch32/libarch__arm__core__aarch32.a(swap.c.obj)
                              (--whole-archive)
zephyr/arch/arch/arm/core/aarch32/libarch__arm__core__aarch32.a(swap_helper.S.obj)
                              (--whole-archive)
zephyr/arch/arch/arm/core/aarch32/libarch__arm__core__aarch32.a(thread.c.obj)
                              (--whole-archive)
[...]
Memory Configuration

Name             Origin             Length             Attributes
FLASH            0x0000000000000000 0x0000000000100000 xr
RAM              0x0000000020000000 0x0000000000016000 xw
IDT_LIST         0x00000000fffff7ff 0x0000000000000800 xw
*default*        0x0000000000000000 0xffffffffffffffff

Linker script and memory map

LOAD zephyr/CMakeFiles/zephyr_pre0.dir/misc/empty_file.c.obj
LOAD zephyr/CMakeFiles/offsets.dir/./arch/arm/core/offsets/offsets.c.obj
                0x0000000000000020                _region_min_align = 0x20

.rel.plt        0x0000000000000000        0x0
 *(SORT_BY_ALIGNMENT(.rel.plt))
                [!provide]                        PROVIDE (__rel_iplt_start = .)
 *(SORT_BY_ALIGNMENT(.rel.iplt))
 .rel.iplt      0x0000000000000000        0x0 app/libapp.a(main.c.obj)
                [!provide]                        PROVIDE (__rel_iplt_end = .)

.rela.plt       0x0000000000000000        0x0
 *(SORT_BY_ALIGNMENT(.rela.plt))
                [!provide]                        PROVIDE (__rela_iplt_start = .)
 *(SORT_BY_ALIGNMENT(.rela.iplt))
                [!provide]                        PROVIDE (__rela_iplt_end = .)

.rel.dyn
 *(SORT_BY_ALIGNMENT(.rel.*))

.rela.dyn
 *(SORT_BY_ALIGNMENT(.rela.*))

/DISCARD/
 *(SORT_BY_ALIGNMENT(.plt))

/DISCARD/
 *(SORT_BY_ALIGNMENT(.iplt))
                0x0000000000000000                __rom_region_start = 0x0

rom_start       0x0000000000000000      0x144
                0x0000000000000000                . = 0x0
                0x0000000000000000                . = ALIGN (0x4)
                0x0000000000000000                . = ALIGN (0x80)
                0x0000000000000000                . = ALIGN (0x200)
                0x0000000000000000                _vector_start = .
 *(SORT_BY_ALIGNMENT(.exc_vector_table))
 *(SORT_BY_ALIGNMENT(.exc_vector_table.*))
 .exc_vector_table._vector_table_section
                0x0000000000000000       0x40 zephyr/arch/arch/arm/core/aarch32/cortex_m/libarch__arm__core__aarch32__cortex_m.a(vector_table.S.obj)
                0x0000000000000000                _vector_table
 *(SORT_BY_ALIGNMENT(.vectors))
                0x0000000000000144                _vector_end = .
                0x0000000000000040                . = ALIGN (0x4)
 *(SORT_BY_ALIGNMENT(.gnu.linkonce.irq_vector_table*))
 .gnu.linkonce.irq_vector_table
                0x0000000000000040      0x104 zephyr/arch/common/libisr_tables.a(isr_tables.c.obj)
                0x0000000000000040                _irq_vector_table
                0x0000000000000144                _vector_end = .

text            0x0000000000000148     0x7848
                0x0000000000000148                __text_region_start = .
 *(SORT_BY_ALIGNMENT(.text))
 .text          0x0000000000000148      0x378 c:/ncs/toolchains/v2.2.0/opt/zephyr-sdk/arm-zephyr-eabi/bin/../lib/gcc/arm-zephyr-eabi/12.1.0/thumb/v8-m.main/nofp\libgcc.a(_arm_addsubdf3.o)
                0x0000000000000148                __aeabi_drsub
                0x0000000000000150                __aeabi_dsub
                0x0000000000000150                __subdf3
                0x0000000000000154                __aeabi_dadd
                0x0000000000000154                __adddf3
                0x00000000000003cc                __floatunsidf
                0x00000000000003cc                __aeabi_ui2d
                0x00000000000003ec                __floatsidf
                0x00000000000003ec                __aeabi_i2d
                0x0000000000000410                __aeabi_f2d
                0x0000000000000410                __extendsfdf2
                0x0000000000000454                __floatundidf
                0x0000000000000454                __aeabi_ul2d
                0x0000000000000464                __floatdidf
                0x0000000000000464                __aeabi_l2d
 .text          0x00000000000004c0      0x424 c:/ncs/toolchains/v2.2.0/opt/zephyr-sdk/arm-zephyr-eabi/bin/../lib/gcc/arm-zephyr-eabi/12.1.0/thumb/v8-m.main/nofp\libgcc.a(_arm_muldivdf3.o)
                0x00000000000004c0                __aeabi_dmul
                0x00000000000004c0                __muldf3
                0x0000000000000714                __divdf3
                0x0000000000000714                __aeabi_ddiv
 .text          0x00000000000008e4       0x50 c:/ncs/toolchains/v2.2.0/opt/zephyr-sdk/arm-zephyr-eabi/bin/../lib/gcc/arm-zephyr-eabi/12.1.0/thumb/v8-m.main/nofp\libgcc.a(_arm_fixdfsi.o)
                0x00000000000008e4                __aeabi_d2iz
                0x00000000000008e4                __fixdfsi
 .text          0x0000000000000934       0x30 c:/ncs/toolchains/v2.2.0/opt/zephyr-sdk/arm-zephyr-eabi/bin/../lib/gcc/arm-zephyr-eabi/12.1.0/thumb/v8-m.main/nofp\libgcc.a(_aeabi_uldivmod.o)
                0x0000000000000934                __aeabi_uldivmod
 .text          0x0000000000000964        0x4 c:/ncs/toolchains/v2.2.0/opt/zephyr-sdk/arm-zephyr-eabi/bin/../lib/gcc/arm-zephyr-eabi/12.1.0/thumb/v8-m.main/nofp\libgcc.a(_dvmd_tls.o)
                0x0000000000000964                __aeabi_idiv0
                0x0000000000000964                __aeabi_ldiv0
 .text          0x0000000000000968      0x29c c:/ncs/toolchains/v2.2.0/opt/zephyr-sdk/arm-zephyr-eabi/bin/../lib/gcc/arm-zephyr-eabi/12.1.0/thumb/v8-m.main/nofp\libgcc.a(_udivmoddi4.o)
                0x0000000000000968                __udivmoddi4
 *(SORT_BY_ALIGNMENT(.text.*))
 *fill*         0x0000000000000c04        0x4 
 .text.hx711_channel_get
                0x0000000000000c08       0x68 modules/HX711/drivers/sensor/hx711/lib..__modules__HX711__drivers__sensor__hx711.a(hx711.c.obj)
 .text.avia_hx711_calibrate
                0x0000000000000c70       0x90 modules/HX711/drivers/sensor/hx711/lib..__modules__HX711__drivers__sensor__hx711.a(hx711.c.obj)
                0x0000000000000c70                avia_hx711_calibrate
 .text.measure  0x0000000000000d00       0x7c app/libapp.a(main.c.obj)
                0x0000000000000d00                measure
 .text.main     0x0000000000000d7c      0x100 app/libapp.a(main.c.obj)
                0x0000000000000d7c                main
 .text.cbprintf_package_convert
                0x0000000000000e7c      0x3bc zephyr/libzephyr.a(cbprintf_packaged.c.obj)
                0x0000000000000e7c                cbprintf_package_convert
 .text.char_out
                0x0000000000001238        0xc zephyr/libzephyr.a(printk.c.obj)
 .text.__printk_hook_install
                0x0000000000001244        0xc zephyr/libzephyr.a(printk.c.obj)
                0x0000000000001244                __printk_hook_install
 .text.vprintk  0x0000000000001250       0x1c zephyr/libzephyr.a(printk.c.obj)
                0x0000000000001250                vprintk
 .text.vsnprintk
                0x000000000000126c       0x2c zephyr/libzephyr.a(printk.c.obj)
                0x000000000000126c                vsnprintk
 .text.process_event
                0x0000000000001298      0x21c zephyr/libzephyr.a(onoff.c.obj)
 .text.z_cbvprintf_impl
                0x00000000000014b4      0x764 zephyr/libzephyr.a(cbprintf_complete.c.obj)
                0x00000000000014b4                z_cbvprintf_impl
 .text.sys_reboot
                0x0000000000001c18       0x28 zephyr/libzephyr.a(reboot.c.obj)
                0x0000000000001c18                sys_reboot
 .text.nordicsemi_nrf91_init
                0x0000000000001c40       0x28 zephyr/libzephyr.a(soc.c.obj)
 .text.arch_busy_wait
                0x0000000000001c68       0x14 zephyr/libzephyr.a(soc.c.obj)
                0x0000000000001c68                arch_busy_wait
 .text.pm_state_set
                0x0000000000001c7c       0x1c zephyr/libzephyr.a(power.c.obj)
                0x0000000000001c7c                pm_state_set
 .text.z_arm_platform_init
                0x0000000000001c98        0x4 zephyr/libzephyr.a(soc_nrf_common.S.obj)
                0x0000000000001c98                z_arm_platform_init
 .text.activate_foreach_backend
                0x0000000000001c9c       0x64 zephyr/libzephyr.a(log_core.c.obj)
 .text.enable_logger
                0x0000000000001d00       0x5c zephyr/libzephyr.a(log_core.c.obj)
 .text.log_process_thread_timer_expiry_fn
                0x0000000000001d5c        0xc zephyr/libzephyr.a(log_core.c.obj)
 .text.z_log_init
                0x0000000000001d68       0x90 zephyr/libzephyr.a(log_core.c.obj)
 .text.log_format_func_t_get
                0x0000000000001df8        0xc zephyr/libzephyr.a(log_core.c.obj)
                0x0000000000001df8                log_format_func_t_get
 .text.log_set_timestamp_func
                0x0000000000001e04       0x20 zephyr/libzephyr.a(log_core.c.obj)
                0x0000000000001e04                log_set_timestamp_func
 .text.z_log_notify_backend_enabled
                0x0000000000001e24       0x1c zephyr/libzephyr.a(log_core.c.obj)
                0x0000000000001e24                z_log_notify_backend_enabled
 .text.z_log_dropped
                0x0000000000001e40       0x28 zephyr/libzephyr.a(log_core.c.obj)
                0x0000000000001e40                z_log_dropped
 .text.z_log_dropped_read_and_clear
                0x0000000000001e68       0x18 zephyr/libzephyr.a(log_core.c.obj)
                0x0000000000001e68                z_log_dropped_read_and_clear
 .text.dropped_notify
                0x0000000000001e80       0x30 zephyr/libzephyr.a(log_core.c.obj)
                0x0000000000001e80                dropped_notify
 .text.z_log_msg_init
                0x0000000000001eb0       0x20 zephyr/libzephyr.a(log_core.c.obj)
                0x0000000000001eb0                z_log_msg_init
 .text.log_core_init
                0x0000000000001ed0       0x2c zephyr/libzephyr.a(log_core.c.obj)
                0x0000000000001ed0                log_core_init
 .text.z_log_msg_alloc
                0x0000000000001efc       0x10 zephyr/libzephyr.a(log_core.c.obj)
                0x0000000000001efc                z_log_msg_alloc
 .text.z_log_msg_local_claim
                0x0000000000001f0c        0xc zephyr/libzephyr.a(log_core.c.obj)
                0x0000000000001f0c                z_log_msg_local_claim
 .text.z_log_msg_free
                0x0000000000001f18       0x10 zephyr/libzephyr.a(log_core.c.obj)
                0x0000000000001f18                z_log_msg_free
 .text.z_log_msg_pending
                0x0000000000001f28        0xc zephyr/libzephyr.a(log_core.c.obj)
                0x0000000000001f28                z_log_msg_pending
 .text.z_impl_log_process
                0x0000000000001f34       0xb4 zephyr/libzephyr.a(log_core.c.obj)
                0x0000000000001f34                z_impl_log_process
 .text.z_impl_log_panic
                0x0000000000001fe8       0x44 zephyr/libzephyr.a(log_core.c.obj)
                0x0000000000001fe8                z_impl_log_panic
 .text.log_process_thread_func
                0x000000000000202c       0x9c zephyr/libzephyr.a(log_core.c.obj)
 .text.z_log_msg_post_finalize
                0x00000000000020c8       0x78 zephyr/libzephyr.a(log_core.c.obj)
 .text.z_log_msg_commit
                0x0000000000002140       0x24 zephyr/libzephyr.a(log_core.c.obj)
                0x0000000000002140                z_log_msg_commit
 .text.log_source_name_get
                0x0000000000002164       0x1c zephyr/libzephyr.a(log_mgmt.c.obj)
                0x0000000000002164                log_source_name_get
 .text.log_backend_enable
                0x0000000000002180       0x28 zephyr/libzephyr.a(log_mgmt.c.obj)
                0x0000000000002180                log_backend_enable
 .text.z_impl_z_log_msg_static_create
                0x00000000000021a8       0xa8 zephyr/libzephyr.a(log_msg.c.obj)
                0x00000000000021a8                z_impl_z_log_msg_static_create
 .text.print_formatted
                0x0000000000002250       0x24 zephyr/libzephyr.a(log_output.c.obj)
 .text.newline_print
                0x0000000000002274       0x1c zephyr/libzephyr.a(log_output.c.obj)
 .text.log_output_process
                0x0000000000002290      0x2a4 zephyr/libzephyr.a(log_output.c.obj)
                0x0000000000002290                log_output_process
 .text.log_output_msg_process
                0x0000000000002534       0x6c zephyr/libzephyr.a(log_output.c.obj)
                0x0000000000002534                log_output_msg_process
 .text.log_output_dropped_process
                0x00000000000025a0       0x58 zephyr/libzephyr.a(log_output.c.obj)
                0x00000000000025a0                log_output_dropped_process
 .text.log_output_timestamp_freq_set
                0x00000000000025f8       0x2c zephyr/libzephyr.a(log_output.c.obj)
                0x00000000000025f8                log_output_timestamp_freq_set
 .text.format_set
                0x0000000000002624        0xc zephyr/libzephyr.a(log_backend_uart.c.obj)
 .text.panic    0x0000000000002630       0x14 zephyr/libzephyr.a(log_backend_uart.c.obj)
 .text.dropped  0x0000000000002644        0xc zephyr/libzephyr.a(log_backend_uart.c.obj)
 .text.process  0x0000000000002650       0x24 zephyr/libzephyr.a(log_backend_uart.c.obj)
 .text.char_out
                0x0000000000002674       0x24 zephyr/libzephyr.a(log_backend_uart.c.obj)
 .text.pm_state_notify
                0x0000000000002698       0x5c zephyr/libzephyr.a(pm.c.obj)
 .text.pm_system_resume
                0x00000000000026f4       0x70 zephyr/libzephyr.a(pm.c.obj)
                0x00000000000026f4                pm_system_resume
 .text.pm_system_suspend
                0x0000000000002764       0xec zephyr/libzephyr.a(pm.c.obj)
                0x0000000000002764                pm_system_suspend
 .text.pm_policy_next_state
                0x0000000000002850       0x94 zephyr/libzephyr.a(policy.c.obj)
                0x0000000000002850                pm_policy_next_state
 .text.pm_state_cpu_get_all
                0x00000000000028e4       0x10 zephyr/libzephyr.a(state.c.obj)
                0x00000000000028e4                pm_state_cpu_get_all
 .text.nrf_cc3xx_platform_abort_init
                0x00000000000028f4        0xc zephyr/libzephyr.a(nrf_cc3xx_platform_abort_zephyr.c.obj)
                0x00000000000028f4                nrf_cc3xx_platform_abort_init
 .text.mutex_free_platform
                0x0000000000002900       0x54 zephyr/libzephyr.a(nrf_cc3xx_platform_mutex_zephyr.c.obj)
 .text.mutex_lock_platform
                0x0000000000002954       0x58 zephyr/libzephyr.a(nrf_cc3xx_platform_mutex_zephyr.c.obj)
 .text.mutex_unlock_platform
                0x00000000000029ac       0x50 zephyr/libzephyr.a(nrf_cc3xx_platform_mutex_zephyr.c.obj)
 .text.mutex_init_platform
                0x00000000000029fc       0x94 zephyr/libzephyr.a(nrf_cc3xx_platform_mutex_zephyr.c.obj)
 .text.nrf_cc3xx_platform_mutex_init
                0x0000000000002a90       0x2c zephyr/libzephyr.a(nrf_cc3xx_platform_mutex_zephyr.c.obj)
                0x0000000000002a90                nrf_cc3xx_platform_mutex_init
 .text.z_arm_cpu_idle_init
                0x0000000000002abc        0xc zephyr/arch/arch/arm/core/aarch32/libarch__arm__core__aarch32.a(cpu_idle.S.obj)
                0x0000000000002abc                z_arm_cpu_idle_init
 .text.arch_cpu_idle
                0x0000000000002ac8       0x1c zephyr/arch/arch/arm/core/aarch32/libarch__arm__core__aarch32.a(cpu_idle.S.obj)
                0x0000000000002ac8                arch_cpu_idle
 .text.arch_cpu_atomic_idle
                0x0000000000002ae4       0x14 zephyr/arch/arch/arm/core/aarch32/libarch__arm__core__aarch32.a(cpu_idle.S.obj)
                0x0000000000002ae4                arch_cpu_atomic_idle
 .text.z_arm_fatal_error
                0x0000000000002af8       0xcc zephyr/arch/arch/arm/core/aarch32/libarch__arm__core__aarch32.a(fatal.c.obj)
                0x0000000000002af8                z_arm_fatal_error
 .text.arch_irq_enable
                0x0000000000002bc4       0x1c zephyr/arch/arch/arm/core/aarch32/libarch__arm__core__aarch32.a(irq_manage.c.obj)
                0x0000000000002bc4                arch_irq_enable
 .text.arch_irq_is_enabled
                0x0000000000002be0       0x1c zephyr/arch/arch/arm/core/aarch32/libarch__arm__core__aarch32.a(irq_manage.c.obj)
                0x0000000000002be0                arch_irq_is_enabled
 .text.z_arm_irq_priority_set
                0x0000000000002bfc       0x2c zephyr/arch/arch/arm/core/aarch32/libarch__arm__core__aarch32.a(irq_manage.c.obj)
                0x0000000000002bfc                z_arm_irq_priority_set
 .text.z_SysNmiOnReset
                0x0000000000002c28        0x8 zephyr/arch/arch/arm/core/aarch32/libarch__arm__core__aarch32.a(nmi_on_reset.S.obj)
                0x0000000000002c28                z_SysNmiOnReset
 .text.z_arm_prep_c
                0x0000000000002c30       0x38 zephyr/arch/arch/arm/core/aarch32/libarch__arm__core__aarch32.a(prep_c.c.obj)
                0x0000000000002c30                z_arm_prep_c
 .text.arch_swap
                0x0000000000002c68       0x34 zephyr/arch/arch/arm/core/aarch32/libarch__arm__core__aarch32.a(swap.c.obj)
                0x0000000000002c68                arch_swap
 .text.z_arm_pendsv
                0x0000000000002c9c       0x58 zephyr/arch/arch/arm/core/aarch32/libarch__arm__core__aarch32.a(swap_helper.S.obj)
                0x0000000000002c9c                z_arm_pendsv
 .text.z_arm_svc
                0x0000000000002cf4       0x20 zephyr/arch/arch/arm/core/aarch32/libarch__arm__core__aarch32.a(swap_helper.S.obj)
                0x0000000000002cf4                z_arm_svc
 .text.arch_new_thread
                0x0000000000002d14       0x38 zephyr/arch/arch/arm/core/aarch32/libarch__arm__core__aarch32.a(thread.c.obj)
                0x0000000000002d14                arch_new_thread
 .text.arch_switch_to_main_thread
                0x0000000000002d4c       0x28 zephyr/arch/arch/arm/core/aarch32/libarch__arm__core__aarch32.a(thread.c.obj)
                0x0000000000002d4c                arch_switch_to_main_thread
 .text._isr_wrapper
                0x0000000000002d74       0x40 zephyr/arch/arch/arm/core/aarch32/libarch__arm__core__aarch32.a(isr_wrapper.S.obj)
                0x0000000000002d74                _isr_wrapper
 .text._HandlerModeExit
                0x0000000000002db4       0x1c zephyr/arch/arch/arm/core/aarch32/cortex_m/libarch__arm__core__aarch32__cortex_m.a(exc_exit.S.obj)
                0x0000000000002db4                z_arm_int_exit
                0x0000000000002db4                z_arm_exc_exit
 .text.mem_manage_fault.constprop.0
                0x0000000000002dd0      0x138 zephyr/arch/arch/arm/core/aarch32/cortex_m/libarch__arm__core__aarch32__cortex_m.a(fault.c.obj)
 .text.bus_fault.constprop.0
                0x0000000000002f08      0x130 zephyr/arch/arch/arm/core/aarch32/cortex_m/libarch__arm__core__aarch32__cortex_m.a(fault.c.obj)
 .text.usage_fault.constprop.0
                0x0000000000003038      0x118 zephyr/arch/arch/arm/core/aarch32/cortex_m/libarch__arm__core__aarch32__cortex_m.a(fault.c.obj)
 .text.z_arm_fault
                0x0000000000003150      0x214 zephyr/arch/arch/arm/core/aarch32/cortex_m/libarch__arm__core__aarch32__cortex_m.a(fault.c.obj)
                0x0000000000003150                z_arm_fault
 .text.z_arm_fault_init
                0x0000000000003364       0x18 zephyr/arch/arch/arm/core/aarch32/cortex_m/libarch__arm__core__aarch32__cortex_m.a(fault.c.obj)
                0x0000000000003364                z_arm_fault_init
 .text.__fault  0x000000000000337c       0x14 zephyr/arch/arch/arm/core/aarch32/cortex_m/libarch__arm__core__aarch32__cortex_m.a(fault_s.S.obj)
                0x000000000000337c                z_arm_usage_fault
                0x000000000000337c                z_arm_mpu_fault
                0x000000000000337c                z_arm_exc_spurious
                0x000000000000337c                z_arm_debug_monitor
                0x000000000000337c                z_arm_hard_fault
                0x000000000000337c                z_arm_bus_fault
 .text.z_arm_interrupt_init
                0x0000000000003390       0x18 zephyr/arch/arch/arm/core/aarch32/cortex_m/libarch__arm__core__aarch32__cortex_m.a(irq_init.c.obj)
                0x0000000000003390                z_arm_interrupt_init
 .text._reset_section
                0x00000000000033a8       0x60 zephyr/arch/arch/arm/core/aarch32/cortex_m/libarch__arm__core__aarch32__cortex_m.a(reset.S.obj)
                0x00000000000033a8                __start
                0x00000000000033a8                z_arm_reset
 .text.sys_arch_reboot
                0x0000000000003408       0x24 zephyr/arch/arch/arm/core/aarch32/cortex_m/libarch__arm__core__aarch32__cortex_m.a(scb.c.obj)
                0x0000000000003408                sys_arch_reboot
 .text.z_arm_clear_arm_mpu_config
                0x000000000000342c       0x24 zephyr/arch/arch/arm/core/aarch32/cortex_m/libarch__arm__core__aarch32__cortex_m.a(scb.c.obj)
                0x000000000000342c                z_arm_clear_arm_mpu_config
 .text.z_arm_init_arch_hw_at_boot
                0x0000000000003450       0x4c zephyr/arch/arch/arm/core/aarch32/cortex_m/libarch__arm__core__aarch32__cortex_m.a(scb.c.obj)
                0x0000000000003450                z_arm_init_arch_hw_at_boot
 .text.z_impl_k_thread_abort
                0x000000000000349c       0x2c zephyr/arch/arch/arm/core/aarch32/cortex_m/libarch__arm__core__aarch32__cortex_m.a(thread_abort.c.obj)
                0x000000000000349c                z_impl_k_thread_abort
 .text.z_arm_configure_static_mpu_regions
                0x00000000000034c8       0x38 zephyr/arch/arch/arm/core/aarch32/mpu/libarch__arm__core__aarch32__mpu.a(arm_core_mpu.c.obj)
                0x00000000000034c8                z_arm_configure_static_mpu_regions
 .text.region_init
                0x0000000000003500       0x34 zephyr/arch/arch/arm/core/aarch32/mpu/libarch__arm__core__aarch32__mpu.a(arm_mpu.c.obj)
 .text.region_allocate_and_init.part.0
                0x0000000000003534       0x30 zephyr/arch/arch/arm/core/aarch32/mpu/libarch__arm__core__aarch32__mpu.a(arm_mpu.c.obj)
 .text.mpu_configure_regions_and_partition.constprop.0
                0x0000000000003564      0x19c zephyr/arch/arch/arm/core/aarch32/mpu/libarch__arm__core__aarch32__mpu.a(arm_mpu.c.obj)
 .text.arm_core_mpu_enable
                0x0000000000003700       0x18 zephyr/arch/arch/arm/core/aarch32/mpu/libarch__arm__core__aarch32__mpu.a(arm_mpu.c.obj)
                0x0000000000003700                arm_core_mpu_enable
 .text.arm_core_mpu_disable
                0x0000000000003718       0x14 zephyr/arch/arch/arm/core/aarch32/mpu/libarch__arm__core__aarch32__mpu.a(arm_mpu.c.obj)
                0x0000000000003718                arm_core_mpu_disable
 .text.arm_core_mpu_configure_static_mpu_regions
                0x000000000000372c       0x14 zephyr/arch/arch/arm/core/aarch32/mpu/libarch__arm__core__aarch32__mpu.a(arm_mpu.c.obj)
                0x000000000000372c                arm_core_mpu_configure_static_mpu_regions
 .text.arm_core_mpu_mark_areas_for_dynamic_regions
                0x0000000000003740       0xb8 zephyr/arch/arch/arm/core/aarch32/mpu/libarch__arm__core__aarch32__mpu.a(arm_mpu.c.obj)
                0x0000000000003740                arm_core_mpu_mark_areas_for_dynamic_regions
 .text.z_arm_mpu_init
                0x00000000000037f8       0x4c zephyr/arch/arch/arm/core/aarch32/mpu/libarch__arm__core__aarch32__mpu.a(arm_mpu.c.obj)
                0x00000000000037f8                z_arm_mpu_init
 .text.__stdout_hook_install
                0x0000000000003844        0xc zephyr/lib/libc/minimal/liblib__libc__minimal.a(stdout_console.c.obj)
                0x0000000000003844                __stdout_hook_install
 .text.onoff_stop
                0x0000000000003850       0x30 zephyr/drivers/clock_control/libdrivers__clock_control.a(clock_control_nrf.c.obj)
 .text.onoff_start
                0x0000000000003880       0x44 zephyr/drivers/clock_control/libdrivers__clock_control.a(clock_control_nrf.c.obj)
 .text.clk_init
                0x00000000000038c4       0x58 zephyr/drivers/clock_control/libdrivers__clock_control.a(clock_control_nrf.c.obj)
 .text.clkstarted_handle.constprop.0
                0x000000000000391c       0x34 zephyr/drivers/clock_control/libdrivers__clock_control.a(clock_control_nrf.c.obj)
 .text.clock_event_handler
                0x0000000000003950       0x1c zephyr/drivers/clock_control/libdrivers__clock_control.a(clock_control_nrf.c.obj)
 .text.generic_hfclk_start
                0x000000000000396c       0x64 zephyr/drivers/clock_control/libdrivers__clock_control.a(clock_control_nrf.c.obj)
 .text.api_blocking_start
                0x00000000000039d0       0x34 zephyr/drivers/clock_control/libdrivers__clock_control.a(clock_control_nrf.c.obj)
 .text.generic_hfclk_stop
                0x0000000000003a04       0x24 zephyr/drivers/clock_control/libdrivers__clock_control.a(clock_control_nrf.c.obj)
 .text.z_nrf_clock_control_lf_on
                0x0000000000003a28       0xfc zephyr/drivers/clock_control/libdrivers__clock_control.a(clock_control_nrf.c.obj)
                0x0000000000003a28                z_nrf_clock_control_lf_on
 .text.uart_console_init
                0x0000000000003b24       0x28 zephyr/drivers/console/libdrivers__console.a(uart_console.c.obj)
 .text.console_out
                0x0000000000003b4c       0x28 zephyr/drivers/console/libdrivers__console.a(uart_console.c.obj)
 .text.gpio_nrfx_pin_interrupt_configure
                0x0000000000003b74       0xc8 zephyr/drivers/gpio/libdrivers__gpio.a(gpio_nrfx.c.obj)
 .text.gpio_nrfx_init
                0x0000000000003c3c       0x38 zephyr/drivers/gpio/libdrivers__gpio.a(gpio_nrfx.c.obj)
 .text.nrfx_gpio_handler
                0x0000000000003c74       0x3c zephyr/drivers/gpio/libdrivers__gpio.a(gpio_nrfx.c.obj)
 .text.gpio_nrfx_pin_configure
                0x0000000000003cb0      0x124 zephyr/drivers/gpio/libdrivers__gpio.a(gpio_nrfx.c.obj)
 .text.uarte_nrfx_configure
                0x0000000000003dd4      0x168 zephyr/drivers/serial/libdrivers__serial.a(uart_nrfx_uarte.c.obj)
 .text.uarte_instance_init.constprop.0
                0x0000000000003f3c       0xf4 zephyr/drivers/serial/libdrivers__serial.a(uart_nrfx_uarte.c.obj)
 .text.uarte_nrfx_poll_out
                0x0000000000004030       0xcc zephyr/drivers/serial/libdrivers__serial.a(uart_nrfx_uarte.c.obj)
 .text.compare_int_lock
                0x00000000000040fc       0x40 zephyr/drivers/timer/libdrivers__timer.a(nrf_rtc_timer.c.obj)
 .text.sys_clock_timeout_handler
                0x000000000000413c       0x80 zephyr/drivers/timer/libdrivers__timer.a(nrf_rtc_timer.c.obj)
 .text.compare_int_unlock
                0x00000000000041bc       0x4c zephyr/drivers/timer/libdrivers__timer.a(nrf_rtc_timer.c.obj)
 .text.z_nrf_rtc_timer_read
                0x0000000000004208       0x44 zephyr/drivers/timer/libdrivers__timer.a(nrf_rtc_timer.c.obj)
                0x0000000000004208                z_nrf_rtc_timer_read
 .text.compare_set
                0x000000000000424c      0x140 zephyr/drivers/timer/libdrivers__timer.a(nrf_rtc_timer.c.obj)
 .text.sys_clock_driver_init
                0x000000000000438c       0x80 zephyr/drivers/timer/libdrivers__timer.a(nrf_rtc_timer.c.obj)
 .text.rtc_nrf_isr
                0x000000000000440c       0xdc zephyr/drivers/timer/libdrivers__timer.a(nrf_rtc_timer.c.obj)
                0x000000000000440c                rtc_nrf_isr
 .text.sys_clock_set_timeout
                0x00000000000044e8       0x60 zephyr/drivers/timer/libdrivers__timer.a(nrf_rtc_timer.c.obj)
                0x00000000000044e8                sys_clock_set_timeout
 .text.sys_clock_elapsed
                0x0000000000004548       0x14 zephyr/drivers/timer/libdrivers__timer.a(nrf_rtc_timer.c.obj)
                0x0000000000004548                sys_clock_elapsed
 .text.pinctrl_configure_pins
                0x000000000000455c      0x108 zephyr/drivers/pinctrl/libdrivers__pinctrl.a(pinctrl_nrf.c.obj)
                0x000000000000455c                pinctrl_configure_pins
 .text.k_sys_fatal_error_handler
                0x0000000000004664       0x2c modules/nrf/lib/fatal_error/lib..__nrf__lib__fatal_error.a(fatal_error.c.obj)
                0x0000000000004664                k_sys_fatal_error_handler
 .text.hx711_init
                0x0000000000004690       0xa0 modules/HX711/drivers/sensor/hx711/lib..__modules__HX711__drivers__sensor__hx711.a(hx711.c.obj)
 .text.hx711_sample_fetch
                0x0000000000004730       0xc4 modules/HX711/drivers/sensor/hx711/lib..__modules__HX711__drivers__sensor__hx711.a(hx711.c.obj)
 .text.SystemInit
                0x00000000000047f4      0x184 modules/hal_nordic/nrfx/libmodules__hal_nordic__nrfx.a(system_nrf9160.c.obj)
                0x00000000000047f4                SystemInit
 .text.nrfx_flag32_alloc
                0x0000000000004978       0x38 modules/hal_nordic/nrfx/libmodules__hal_nordic__nrfx.a(nrfx_flag32_allocator.c.obj)
                0x0000000000004978                nrfx_flag32_alloc
 .text.nrfx_flag32_free
                0x00000000000049b0       0x38 modules/hal_nordic/nrfx/libmodules__hal_nordic__nrfx.a(nrfx_flag32_allocator.c.obj)
                0x00000000000049b0                nrfx_flag32_free
 .text.nrfx_clock_init
                0x00000000000049e8       0x20 modules/hal_nordic/nrfx/libmodules__hal_nordic__nrfx.a(nrfx_clock.c.obj)
                0x00000000000049e8                nrfx_clock_init
 .text.nrfx_power_clock_irq_handler
                0x0000000000004a08       0x68 modules/hal_nordic/nrfx/libmodules__hal_nordic__nrfx.a(nrfx_clock.c.obj)
                0x0000000000004a08                nrfx_power_clock_irq_handler
 .text.nrfx_dppi_channel_alloc
                0x0000000000004a70        0xc modules/hal_nordic/nrfx/libmodules__hal_nordic__nrfx.a(nrfx_dppi.c.obj)
                0x0000000000004a70                nrfx_dppi_channel_alloc
 .text.nrf_gpio_cfg_sense_set
                0x0000000000004a7c       0x20 modules/hal_nordic/nrfx/libmodules__hal_nordic__nrfx.a(nrfx_gpiote.c.obj)
 .text.pin_in_use_by_te
                0x0000000000004a9c       0x14 modules/hal_nordic/nrfx/libmodules__hal_nordic__nrfx.a(nrfx_gpiote.c.obj)
 .text.call_handler
                0x0000000000004ab0       0x3c modules/hal_nordic/nrfx/libmodules__hal_nordic__nrfx.a(nrfx_gpiote.c.obj)
 .text.release_handler
                0x0000000000004aec       0x54 modules/hal_nordic/nrfx/libmodules__hal_nordic__nrfx.a(nrfx_gpiote.c.obj)
 .text.pin_handler_trigger_uninit
                0x0000000000004b40       0x3c modules/hal_nordic/nrfx/libmodules__hal_nordic__nrfx.a(nrfx_gpiote.c.obj)
 .text.nrfx_gpiote_input_configure
                0x0000000000004b7c      0x158 modules/hal_nordic/nrfx/libmodules__hal_nordic__nrfx.a(nrfx_gpiote.c.obj)
                0x0000000000004b7c                nrfx_gpiote_input_configure
 .text.nrfx_gpiote_output_configure
                0x0000000000004cd4      0x100 modules/hal_nordic/nrfx/libmodules__hal_nordic__nrfx.a(nrfx_gpiote.c.obj)
                0x0000000000004cd4                nrfx_gpiote_output_configure
 .text.nrfx_gpiote_global_callback_set
                0x0000000000004dd4        0xc modules/hal_nordic/nrfx/libmodules__hal_nordic__nrfx.a(nrfx_gpiote.c.obj)
                0x0000000000004dd4                nrfx_gpiote_global_callback_set
 .text.nrfx_gpiote_channel_get
                0x0000000000004de0       0x2c modules/hal_nordic/nrfx/libmodules__hal_nordic__nrfx.a(nrfx_gpiote.c.obj)
                0x0000000000004de0                nrfx_gpiote_channel_get
 .text.nrfx_gpiote_init
                0x0000000000004e0c       0x50 modules/hal_nordic/nrfx/libmodules__hal_nordic__nrfx.a(nrfx_gpiote.c.obj)
                0x0000000000004e0c                nrfx_gpiote_init
 .text.nrfx_gpiote_is_init
                0x0000000000004e5c       0x14 modules/hal_nordic/nrfx/libmodules__hal_nordic__nrfx.a(nrfx_gpiote.c.obj)
                0x0000000000004e5c                nrfx_gpiote_is_init
 .text.nrfx_gpiote_channel_free
                0x0000000000004e70        0xc modules/hal_nordic/nrfx/libmodules__hal_nordic__nrfx.a(nrfx_gpiote.c.obj)
                0x0000000000004e70                nrfx_gpiote_channel_free
 .text.nrfx_gpiote_channel_alloc
                0x0000000000004e7c        0xc modules/hal_nordic/nrfx/libmodules__hal_nordic__nrfx.a(nrfx_gpiote.c.obj)
                0x0000000000004e7c                nrfx_gpiote_channel_alloc
 .text.nrfx_gpiote_trigger_enable
                0x0000000000004e88       0x88 modules/hal_nordic/nrfx/libmodules__hal_nordic__nrfx.a(nrfx_gpiote.c.obj)
                0x0000000000004e88                nrfx_gpiote_trigger_enable
 .text.nrfx_gpiote_trigger_disable
                0x0000000000004f10       0x50 modules/hal_nordic/nrfx/libmodules__hal_nordic__nrfx.a(nrfx_gpiote.c.obj)
                0x0000000000004f10                nrfx_gpiote_trigger_disable
 .text.nrfx_gpiote_pin_uninit
                0x0000000000004f60       0x44 modules/hal_nordic/nrfx/libmodules__hal_nordic__nrfx.a(nrfx_gpiote.c.obj)
                0x0000000000004f60                nrfx_gpiote_pin_uninit
 .text.nrfx_gpiote_irq_handler
                0x0000000000004fa4      0x154 modules/hal_nordic/nrfx/libmodules__hal_nordic__nrfx.a(nrfx_gpiote.c.obj)
                0x0000000000004fa4                nrfx_gpiote_irq_handler
 .text.z_fatal_error
                0x00000000000050f8       0xfc zephyr/kernel/libkernel.a(fatal.c.obj)
                0x00000000000050f8                z_fatal_error
 .text.z_sys_init_run_level
                0x00000000000051f4       0x44 zephyr/kernel/libkernel.a(init.c.obj)
 .text.bg_thread_main
                0x0000000000005238       0x34 zephyr/kernel/libkernel.a(init.c.obj)
 .text.z_bss_zero
                0x000000000000526c       0x18 zephyr/kernel/libkernel.a(init.c.obj)
                0x000000000000526c                z_bss_zero
 .text.z_init_cpu
                0x0000000000005284       0x68 zephyr/kernel/libkernel.a(init.c.obj)
                0x0000000000005284                z_init_cpu
 .text.z_cstart
                0x00000000000052ec       0xe0 zephyr/kernel/libkernel.a(init.c.obj)
                0x00000000000052ec                z_cstart
 .text.init_mem_slab_module
                0x00000000000053cc       0x24 zephyr/kernel/libkernel.a(mem_slab.c.obj)
 .text.k_mem_slab_alloc
                0x00000000000053f0       0x5c zephyr/kernel/libkernel.a(mem_slab.c.obj)
                0x00000000000053f0                k_mem_slab_alloc
 .text.z_setup_new_thread
                0x000000000000544c       0x60 zephyr/kernel/libkernel.a(thread.c.obj)
                0x000000000000544c                z_setup_new_thread
 .text.z_impl_k_thread_create
                0x00000000000054ac       0x58 zephyr/kernel/libkernel.a(thread.c.obj)
                0x00000000000054ac                z_impl_k_thread_create
 .text.z_init_static_threads
                0x0000000000005504       0xb8 zephyr/kernel/libkernel.a(thread.c.obj)
                0x0000000000005504                z_init_static_threads
 .text.idle     0x00000000000055bc       0x38 zephyr/kernel/libkernel.a(idle.c.obj)
                0x00000000000055bc                idle
 .text.z_impl_k_mutex_lock
                0x00000000000055f4       0xf4 zephyr/kernel/libkernel.a(mutex.c.obj)
                0x00000000000055f4                z_impl_k_mutex_lock
 .text.z_impl_k_mutex_unlock
                0x00000000000056e8       0x78 zephyr/kernel/libkernel.a(mutex.c.obj)
                0x00000000000056e8                z_impl_k_mutex_unlock
 .text.z_impl_k_sem_give
                0x0000000000005760       0x40 zephyr/kernel/libkernel.a(sem.c.obj)
                0x0000000000005760                z_impl_k_sem_give
 .text.z_impl_k_sem_take
                0x00000000000057a0       0x50 zephyr/kernel/libkernel.a(sem.c.obj)
                0x00000000000057a0                z_impl_k_sem_take
 .text.z_reset_time_slice
                0x00000000000057f0       0x28 zephyr/kernel/libkernel.a(sched.c.obj)
                0x00000000000057f0                z_reset_time_slice
 .text.update_cache
                0x0000000000005818       0x3c zephyr/kernel/libkernel.a(sched.c.obj)
 .text.move_thread_to_end_of_prio_q
                0x0000000000005854       0x74 zephyr/kernel/libkernel.a(sched.c.obj)
 .text.ready_thread
                0x00000000000058c8       0x68 zephyr/kernel/libkernel.a(sched.c.obj)
 .text.unready_thread
                0x0000000000005930       0x30 zephyr/kernel/libkernel.a(sched.c.obj)
 .text.pend_locked
                0x0000000000005960       0x30 zephyr/kernel/libkernel.a(sched.c.obj)
 .text.k_sched_time_slice_set
                0x0000000000005990       0x64 zephyr/kernel/libkernel.a(sched.c.obj)
                0x0000000000005990                k_sched_time_slice_set
 .text.z_time_slice
                0x00000000000059f4       0x84 zephyr/kernel/libkernel.a(sched.c.obj)
                0x00000000000059f4                z_time_slice
 .text.z_pend_curr
                0x0000000000005a78       0x3c zephyr/kernel/libkernel.a(sched.c.obj)
                0x0000000000005a78                z_pend_curr
 .text.z_set_prio
                0x0000000000005ab4       0x8c zephyr/kernel/libkernel.a(sched.c.obj)
                0x0000000000005ab4                z_set_prio
 .text.z_reschedule
                0x0000000000005b40       0x24 zephyr/kernel/libkernel.a(sched.c.obj)
                0x0000000000005b40                z_reschedule
 .text.z_sched_start
                0x0000000000005b64       0x3c zephyr/kernel/libkernel.a(sched.c.obj)
                0x0000000000005b64                z_sched_start
 .text.z_impl_k_thread_suspend
                0x0000000000005ba0       0x64 zephyr/kernel/libkernel.a(sched.c.obj)
                0x0000000000005ba0                z_impl_k_thread_suspend
 .text.k_sched_lock
                0x0000000000005c04       0x28 zephyr/kernel/libkernel.a(sched.c.obj)
                0x0000000000005c04                k_sched_lock
 .text.k_sched_unlock
                0x0000000000005c2c       0x38 zephyr/kernel/libkernel.a(sched.c.obj)
                0x0000000000005c2c                k_sched_unlock
 .text.z_sched_init
                0x0000000000005c64       0x18 zephyr/kernel/libkernel.a(sched.c.obj)
                0x0000000000005c64                z_sched_init
 .text.z_impl_k_yield
                0x0000000000005c7c       0x7c zephyr/kernel/libkernel.a(sched.c.obj)
                0x0000000000005c7c                z_impl_k_yield
 .text.z_tick_sleep
                0x0000000000005cf8       0x88 zephyr/kernel/libkernel.a(sched.c.obj)
 .text.z_impl_k_sleep
                0x0000000000005d80       0x34 zephyr/kernel/libkernel.a(sched.c.obj)
                0x0000000000005d80                z_impl_k_sleep
 .text.z_impl_z_current_get
                0x0000000000005db4        0xc zephyr/kernel/libkernel.a(sched.c.obj)
                0x0000000000005db4                z_impl_z_current_get
 .text.z_thread_abort
                0x0000000000005dc0       0xc0 zephyr/kernel/libkernel.a(sched.c.obj)
                0x0000000000005dc0                z_thread_abort
 .text.z_data_copy
                0x0000000000005e80       0x34 zephyr/kernel/libkernel.a(xip.c.obj)
                0x0000000000005e80                z_data_copy
 .text.elapsed  0x0000000000005eb4       0x14 zephyr/kernel/libkernel.a(timeout.c.obj)
 .text.next_timeout
                0x0000000000005ec8       0x50 zephyr/kernel/libkernel.a(timeout.c.obj)
 .text.remove_timeout
                0x0000000000005f18       0x38 zephyr/kernel/libkernel.a(timeout.c.obj)
 .text.z_add_timeout
                0x0000000000005f50       0xfc zephyr/kernel/libkernel.a(timeout.c.obj)
                0x0000000000005f50                z_add_timeout
 .text.sys_clock_announce
                0x000000000000604c       0xb8 zephyr/kernel/libkernel.a(timeout.c.obj)
                0x000000000000604c                sys_clock_announce
 .text.sys_clock_tick_get
                0x0000000000006104       0x34 zephyr/kernel/libkernel.a(timeout.c.obj)
                0x0000000000006104                sys_clock_tick_get
 .text.z_timer_expiration_handler
                0x0000000000006138       0xd4 zephyr/kernel/libkernel.a(timer.c.obj)
                0x0000000000006138                z_timer_expiration_handler
 .text.z_impl_k_timer_start
                0x000000000000620c       0x98 zephyr/kernel/libkernel.a(timer.c.obj)
                0x000000000000620c                z_impl_k_timer_start
 .text.boot_banner
                0x00000000000062a4        0xc zephyr/kernel/libkernel.a(banner.c.obj)
                0x00000000000062a4                boot_banner
 .text.nrf_cc3xx_platform_init_no_rng
                0x00000000000062b0       0x38 C:/ncs/v2.2.0/nrfxlib/crypto/nrf_cc310_platform/lib/cortex-m33/soft-float/no-interrupts/libnrf_cc310_platform_0.9.16.a(nrf_cc3xx_platform.c.obj)
                0x00000000000062b0                nrf_cc3xx_platform_init_no_rng
 .text.nrf_cc3xx_platform_abort
                0x00000000000062e8       0x24 C:/ncs/v2.2.0/nrfxlib/crypto/nrf_cc310_platform/lib/cortex-m33/soft-float/no-interrupts/libnrf_cc310_platform_0.9.16.a(nrf_cc3xx_platform_abort.c.obj)
 .text.CC_PalAbort
                0x000000000000630c       0x34 C:/ncs/v2.2.0/nrfxlib/crypto/nrf_cc310_platform/lib/cortex-m33/soft-float/no-interrupts/libnrf_cc310_platform_0.9.16.a(nrf_cc3xx_platform_abort.c.obj)
                0x000000000000630c                CC_PalAbort
 .text.nrf_cc3xx_platform_set_abort
                0x0000000000006340       0x10 C:/ncs/v2.2.0/nrfxlib/crypto/nrf_cc310_platform/lib/cortex-m33/soft-float/no-interrupts/libnrf_cc310_platform_0.9.16.a(nrf_cc3xx_platform_abort.c.obj)
                0x0000000000006340                nrf_cc3xx_platform_set_abort
 .text.mutex_free
                0x0000000000006350       0x34 C:/ncs/v2.2.0/nrfxlib/crypto/nrf_cc310_platform/lib/cortex-m33/soft-float/no-interrupts/libnrf_cc310_platform_0.9.16.a(nrf_cc3xx_platform_mutex.c.obj)
 .text.mutex_lock
                0x0000000000006384       0x48 C:/ncs/v2.2.0/nrfxlib/crypto/nrf_cc310_platform/lib/cortex-m33/soft-float/no-interrupts/libnrf_cc310_platform_0.9.16.a(nrf_cc3xx_platform_mutex.c.obj)
 .text.mutex_unlock
                0x00000000000063cc       0x38 C:/ncs/v2.2.0/nrfxlib/crypto/nrf_cc310_platform/lib/cortex-m33/soft-float/no-interrupts/libnrf_cc310_platform_0.9.16.a(nrf_cc3xx_platform_mutex.c.obj)
 .text.mutex_init
                0x0000000000006404       0x20 C:/ncs/v2.2.0/nrfxlib/crypto/nrf_cc310_platform/lib/cortex-m33/soft-float/no-interrupts/libnrf_cc310_platform_0.9.16.a(nrf_cc3xx_platform_mutex.c.obj)
 .text.nrf_cc3xx_platform_set_mutexes
                0x0000000000006424       0x78 C:/ncs/v2.2.0/nrfxlib/crypto/nrf_cc310_platform/lib/cortex-m33/soft-float/no-interrupts/libnrf_cc310_platform_0.9.16.a(nrf_cc3xx_platform_mutex.c.obj)
                0x0000000000006424                nrf_cc3xx_platform_set_mutexes
 .text.CC_LibInitNoRng
                0x000000000000649c       0x64 C:/ncs/v2.2.0/nrfxlib/crypto/nrf_cc310_platform/lib/cortex-m33/soft-float/no-interrupts/libnrf_cc310_platform_0.9.16.a(cc_lib.c.obj)
                0x000000000000649c                CC_LibInitNoRng
 .text.CC_HalInit
                0x0000000000006500        0x4 C:/ncs/v2.2.0/nrfxlib/crypto/nrf_cc310_platform/lib/cortex-m33/soft-float/no-interrupts/libnrf_cc310_platform_0.9.16.a(cc_hal.c.obj)
                0x0000000000006500                CC_HalInit
 .text.CC_HalTerminate
                0x0000000000006504        0x4 C:/ncs/v2.2.0/nrfxlib/crypto/nrf_cc310_platform/lib/cortex-m33/soft-float/no-interrupts/libnrf_cc310_platform_0.9.16.a(cc_hal.c.obj)
                0x0000000000006504                CC_HalTerminate
 .text.CC_HalMaskInterrupt
                0x0000000000006508        0xc C:/ncs/v2.2.0/nrfxlib/crypto/nrf_cc310_platform/lib/cortex-m33/soft-float/no-interrupts/libnrf_cc310_platform_0.9.16.a(cc_hal.c.obj)
                0x0000000000006508                CC_HalMaskInterrupt
 .text.CC_PalInit
                0x0000000000006514       0x5c C:/ncs/v2.2.0/nrfxlib/crypto/nrf_cc310_platform/lib/cortex-m33/soft-float/no-interrupts/libnrf_cc310_platform_0.9.16.a(cc_pal.c.obj)
                0x0000000000006514                CC_PalInit
 .text.CC_PalTerminate
                0x0000000000006570       0x34 C:/ncs/v2.2.0/nrfxlib/crypto/nrf_cc310_platform/lib/cortex-m33/soft-float/no-interrupts/libnrf_cc310_platform_0.9.16.a(cc_pal.c.obj)
                0x0000000000006570                CC_PalTerminate
 .text.CC_PalDmaInit
                0x00000000000065a4        0x4 C:/ncs/v2.2.0/nrfxlib/crypto/nrf_cc310_platform/lib/cortex-m33/soft-float/no-interrupts/libnrf_cc310_platform_0.9.16.a(cc_pal_dma.c.obj)
                0x00000000000065a4                CC_PalDmaInit
 .text.CC_PalDmaTerminate
                0x00000000000065a8        0x4 C:/ncs/v2.2.0/nrfxlib/crypto/nrf_cc310_platform/lib/cortex-m33/soft-float/no-interrupts/libnrf_cc310_platform_0.9.16.a(cc_pal_dma.c.obj)
                0x00000000000065a8                CC_PalDmaTerminate
 .text.CC_PalMutexCreate
                0x00000000000065ac       0x14 C:/ncs/v2.2.0/nrfxlib/crypto/nrf_cc310_platform/lib/cortex-m33/soft-float/no-interrupts/libnrf_cc310_platform_0.9.16.a(cc_pal_mutex.c.obj)
                0x00000000000065ac                CC_PalMutexCreate
 .text.CC_PalMutexDestroy
                0x00000000000065c0       0x14 C:/ncs/v2.2.0/nrfxlib/crypto/nrf_cc310_platform/lib/cortex-m33/soft-float/no-interrupts/libnrf_cc310_platform_0.9.16.a(cc_pal_mutex.c.obj)
                0x00000000000065c0                CC_PalMutexDestroy
 .text.CC_PalPowerSaveModeInit
                0x00000000000065d4       0x3c C:/ncs/v2.2.0/nrfxlib/crypto/nrf_cc310_platform/lib/cortex-m33/soft-float/no-interrupts/libnrf_cc310_platform_0.9.16.a(cc_pal_pm.c.obj)
                0x00000000000065d4                CC_PalPowerSaveModeInit
 .text.CC_PalPowerSaveModeSelect
                0x0000000000006610       0x84 C:/ncs/v2.2.0/nrfxlib/crypto/nrf_cc310_platform/lib/cortex-m33/soft-float/no-interrupts/libnrf_cc310_platform_0.9.16.a(cc_pal_pm.c.obj)
                0x0000000000006610                CC_PalPowerSaveModeSelect
 .text._OffsetAbsSyms
                0x0000000000006694        0x2 zephyr/CMakeFiles/offsets.dir/./arch/arm/core/offsets/offsets.c.obj
                0x0000000000006694                _OffsetAbsSyms
 .text.cbpprintf_external
                0x0000000000006696       0x62 zephyr/libzephyr.a(cbprintf_packaged.c.obj)
                0x0000000000006696                cbpprintf_external
 .text.is_ptr   0x00000000000066f8       0x4a zephyr/libzephyr.a(cbprintf_packaged.c.obj)
                0x00000000000066f8                is_ptr
 .text.arch_printk_char_out
                0x0000000000006742        0x4 zephyr/libzephyr.a(printk.c.obj)
                0x0000000000006742                arch_printk_char_out
 .text.str_out  0x0000000000006746       0x26 zephyr/libzephyr.a(printk.c.obj)
 .text.printk   0x000000000000676c       0x1a zephyr/libzephyr.a(printk.c.obj)
                0x000000000000676c                printk
 .text.snprintk
                0x0000000000006786       0x1a zephyr/libzephyr.a(printk.c.obj)
                0x0000000000006786                snprintk
 .text.z_thread_entry
                0x00000000000067a0       0x14 zephyr/libzephyr.a(thread_entry.c.obj)
                0x00000000000067a0                z_thread_entry
 .text.process_recheck
                0x00000000000067b4       0x38 zephyr/libzephyr.a(onoff.c.obj)
 .text.validate_args
                0x00000000000067ec       0x20 zephyr/libzephyr.a(onoff.c.obj)
 .text.notify_one
                0x000000000000680c       0x2c zephyr/libzephyr.a(onoff.c.obj)
 .text.transition_complete
                0x0000000000006838       0x1c zephyr/libzephyr.a(onoff.c.obj)
 .text.onoff_manager_init
                0x0000000000006854       0x26 zephyr/libzephyr.a(onoff.c.obj)
                0x0000000000006854                onoff_manager_init
 .text.onoff_request
                0x000000000000687a       0xb0 zephyr/libzephyr.a(onoff.c.obj)
                0x000000000000687a                onoff_request
 .text.sys_notify_validate
                0x000000000000692a       0x22 zephyr/libzephyr.a(notify.c.obj)
                0x000000000000692a                sys_notify_validate
 .text.sys_notify_finalize
                0x000000000000694c       0x1a zephyr/libzephyr.a(notify.c.obj)
                0x000000000000694c                sys_notify_finalize
 .text.encode_uint
                0x0000000000006966       0x8c zephyr/libzephyr.a(cbprintf_complete.c.obj)
 .text.outs     0x00000000000069f2       0x2e zephyr/libzephyr.a(cbprintf_complete.c.obj)
 .text.free_space
                0x0000000000006a20       0x22 zephyr/libzephyr.a(mpsc_pbuf.c.obj)
 .text.get_usage
                0x0000000000006a42       0x22 zephyr/libzephyr.a(mpsc_pbuf.c.obj)
 .text.idx_inc  0x0000000000006a64       0x1c zephyr/libzephyr.a(mpsc_pbuf.c.obj)
 .text.add_skip_item
                0x0000000000006a80       0x2c zephyr/libzephyr.a(mpsc_pbuf.c.obj)
 .text.max_utilization_update
                0x0000000000006aac       0x1a zephyr/libzephyr.a(mpsc_pbuf.c.obj)
 .text.drop_item_locked
                0x0000000000006ac6       0xb4 zephyr/libzephyr.a(mpsc_pbuf.c.obj)
 .text.mpsc_pbuf_init
                0x0000000000006b7a       0x42 zephyr/libzephyr.a(mpsc_pbuf.c.obj)
                0x0000000000006b7a                mpsc_pbuf_init
 .text.mpsc_pbuf_alloc
                0x0000000000006bbc       0xfc zephyr/libzephyr.a(mpsc_pbuf.c.obj)
                0x0000000000006bbc                mpsc_pbuf_alloc
 .text.mpsc_pbuf_commit
                0x0000000000006cb8       0x40 zephyr/libzephyr.a(mpsc_pbuf.c.obj)
                0x0000000000006cb8                mpsc_pbuf_commit
 .text.mpsc_pbuf_claim
                0x0000000000006cf8       0xa0 zephyr/libzephyr.a(mpsc_pbuf.c.obj)
                0x0000000000006cf8                mpsc_pbuf_claim
 .text.mpsc_pbuf_free
                0x0000000000006d98       0x68 zephyr/libzephyr.a(mpsc_pbuf.c.obj)
                0x0000000000006d98                mpsc_pbuf_free
 .text.mpsc_pbuf_is_pending
                0x0000000000006e00       0x14 zephyr/libzephyr.a(mpsc_pbuf.c.obj)
                0x0000000000006e00                mpsc_pbuf_is_pending
 .text._ConfigAbsSyms
                0x0000000000006e14        0x2 zephyr/libzephyr.a(configs.c.obj)
                0x0000000000006e14                _ConfigAbsSyms
 .text.pm_state_exit_post_ops
                0x0000000000006e16        0xc zephyr/libzephyr.a(power.c.obj)
                0x0000000000006e16                pm_state_exit_post_ops
 .text.log_msg_generic_get_wlen
                0x0000000000006e22       0x22 zephyr/libzephyr.a(log_core.c.obj)
 .text.dummy_timestamp
                0x0000000000006e44        0x4 zephyr/libzephyr.a(log_core.c.obj)
 .text.default_get_timestamp
                0x0000000000006e48        0x4 zephyr/libzephyr.a(log_core.c.obj)
 .text.atomic_inc
                0x0000000000006e4c       0x12 zephyr/libzephyr.a(log_core.c.obj)
 .text.z_log_notify_drop
                0x0000000000006e5e        0x6 zephyr/libzephyr.a(log_core.c.obj)
 .text.z_log_get_tag
                0x0000000000006e64        0x4 zephyr/libzephyr.a(log_core.c.obj)
                0x0000000000006e64                z_log_get_tag
 .text.z_cbprintf_cpy
                0x0000000000006e68       0x2c zephyr/libzephyr.a(log_msg.c.obj)
 .text.z_log_msg_finalize
                0x0000000000006e94       0x34 zephyr/libzephyr.a(log_msg.c.obj)
                0x0000000000006e94                z_log_msg_finalize
 .text.buffer_write
                0x0000000000006ec8       0x1a zephyr/libzephyr.a(log_output.c.obj)
 .text.cbvprintf
                0x0000000000006ee2        0xe zephyr/libzephyr.a(log_output.c.obj)
 .text.log_output_flush
                0x0000000000006ef0       0x1a zephyr/libzephyr.a(log_output.c.obj)
                0x0000000000006ef0                log_output_flush
 .text.out_func
                0x0000000000006f0a       0x2e zephyr/libzephyr.a(log_output.c.obj)
 .text.cr_out_func
                0x0000000000006f38       0x1c zephyr/libzephyr.a(log_output.c.obj)
 .text.log_backend_uart_init
                0x0000000000006f54        0x2 zephyr/libzephyr.a(log_backend_uart.c.obj)
 .text.abort_function
                0x0000000000006f56        0x8 zephyr/libzephyr.a(nrf_cc3xx_platform_abort_zephyr.c.obj)
 .text.z_do_kernel_oops
                0x0000000000006f5e        0x8 zephyr/arch/arch/arm/core/aarch32/libarch__arm__core__aarch32.a(fatal.c.obj)
                0x0000000000006f5e                z_do_kernel_oops
 .text.z_irq_spurious
                0x0000000000006f66        0x8 zephyr/arch/arch/arm/core/aarch32/libarch__arm__core__aarch32.a(irq_manage.c.obj)
                0x0000000000006f66                z_irq_spurious
 .text.z_arm_nmi
                0x0000000000006f6e        0xe zephyr/arch/arch/arm/core/aarch32/libarch__arm__core__aarch32.a(nmi.c.obj)
                0x0000000000006f6e                z_arm_nmi
 .text.configure_builtin_stack_guard
                0x0000000000006f7c        0x8 zephyr/arch/arch/arm/core/aarch32/libarch__arm__core__aarch32.a(thread.c.obj)
                0x0000000000006f7c                configure_builtin_stack_guard
 .text.z_log_msg_static_create.constprop.0
                0x0000000000006f84        0x6 zephyr/arch/arch/arm/core/aarch32/cortex_m/libarch__arm__core__aarch32__cortex_m.a(fault.c.obj)
 .text.arm_cmse_mpu_region_get
                0x0000000000006f8a       0x12 zephyr/arch/arch/arm/core/aarch32/cortex_m/cmse/libarch__arm__core__aarch32__cortex_m__cmse.a(arm_core_cmse.c.obj)
                0x0000000000006f8a                arm_cmse_mpu_region_get
 .text.mpu_configure_region
                0x0000000000006f9c       0x40 zephyr/arch/arch/arm/core/aarch32/mpu/libarch__arm__core__aarch32__mpu.a(arm_mpu.c.obj)
 .text.strlen   0x0000000000006fdc        0xe zephyr/lib/libc/minimal/liblib__libc__minimal.a(string.c.obj)
                0x0000000000006fdc                strlen
 .text.strnlen  0x0000000000006fea       0x12 zephyr/lib/libc/minimal/liblib__libc__minimal.a(string.c.obj)
                0x0000000000006fea                strnlen
 .text.memcpy   0x0000000000006ffc       0x16 zephyr/lib/libc/minimal/liblib__libc__minimal.a(string.c.obj)
                0x0000000000006ffc                memcpy
 .text.memset   0x0000000000007012       0x12 zephyr/lib/libc/minimal/liblib__libc__minimal.a(string.c.obj)
                0x0000000000007012                memset
 .text._stdout_hook_default
                0x0000000000007024        0x6 zephyr/lib/libc/minimal/liblib__libc__minimal.a(stdout_console.c.obj)
 .text.get_status
                0x000000000000702a       0x12 zephyr/drivers/clock_control/libdrivers__clock_control.a(clock_control_nrf.c.obj)
 .text.set_on_state
                0x000000000000703c       0x26 zephyr/drivers/clock_control/libdrivers__clock_control.a(clock_control_nrf.c.obj)
 .text.stop     0x0000000000007062       0x52 zephyr/drivers/clock_control/libdrivers__clock_control.a(clock_control_nrf.c.obj)
 .text.api_stop
                0x00000000000070b4        0x6 zephyr/drivers/clock_control/libdrivers__clock_control.a(clock_control_nrf.c.obj)
 .text.async_start
                0x00000000000070ba       0x5c zephyr/drivers/clock_control/libdrivers__clock_control.a(clock_control_nrf.c.obj)
 .text.api_start
                0x0000000000007116        0xe zephyr/drivers/clock_control/libdrivers__clock_control.a(clock_control_nrf.c.obj)
 .text.onoff_started_callback
                0x0000000000007124       0x12 zephyr/drivers/clock_control/libdrivers__clock_control.a(clock_control_nrf.c.obj)
 .text.lfclk_start
                0x0000000000007136        0x6 zephyr/drivers/clock_control/libdrivers__clock_control.a(clock_control_nrf.c.obj)
 .text.lfclk_stop
                0x000000000000713c        0x6 zephyr/drivers/clock_control/libdrivers__clock_control.a(clock_control_nrf.c.obj)
 .text.blocking_start_callback
                0x0000000000007142        0x6 zephyr/drivers/clock_control/libdrivers__clock_control.a(clock_control_nrf.c.obj)
 .text.gpio_nrfx_port_get_raw
                0x0000000000007148        0xc zephyr/drivers/gpio/libdrivers__gpio.a(gpio_nrfx.c.obj)
 .text.gpio_nrfx_port_set_masked_raw
                0x0000000000007154       0x14 zephyr/drivers/gpio/libdrivers__gpio.a(gpio_nrfx.c.obj)
 .text.gpio_nrfx_port_set_bits_raw
                0x0000000000007168        0xa zephyr/drivers/gpio/libdrivers__gpio.a(gpio_nrfx.c.obj)
 .text.gpio_nrfx_port_clear_bits_raw
                0x0000000000007172        0xa zephyr/drivers/gpio/libdrivers__gpio.a(gpio_nrfx.c.obj)
 .text.gpio_nrfx_port_toggle_bits
                0x000000000000717c       0x14 zephyr/drivers/gpio/libdrivers__gpio.a(gpio_nrfx.c.obj)
 .text.gpio_nrfx_manage_callback
                0x0000000000007190       0x52 zephyr/drivers/gpio/libdrivers__gpio.a(gpio_nrfx.c.obj)
 .text.uarte_nrfx_config_get
                0x00000000000071e2       0x10 zephyr/drivers/serial/libdrivers__serial.a(uart_nrfx_uarte.c.obj)
 .text.uarte_nrfx_err_check
                0x00000000000071f2        0xe zephyr/drivers/serial/libdrivers__serial.a(uart_nrfx_uarte.c.obj)
 .text.uarte_nrfx_poll_in
                0x0000000000007200       0x28 zephyr/drivers/serial/libdrivers__serial.a(uart_nrfx_uarte.c.obj)
 .text.is_tx_ready.isra.0
                0x0000000000007228       0x20 zephyr/drivers/serial/libdrivers__serial.a(uart_nrfx_uarte.c.obj)
 .text.uarte_nrfx_isr_int
                0x0000000000007248       0x72 zephyr/drivers/serial/libdrivers__serial.a(uart_nrfx_uarte.c.obj)
 .text.uarte_1_init
                0x00000000000072ba       0x1e zephyr/drivers/serial/libdrivers__serial.a(uart_nrfx_uarte.c.obj)
 .text.uarte_0_init
                0x00000000000072d8       0x1e zephyr/drivers/serial/libdrivers__serial.a(uart_nrfx_uarte.c.obj)
 .text.sys_clock_idle_exit
                0x00000000000072f6        0x2 zephyr/drivers/timer/libdrivers__timer.a(sys_clock_init.c.obj)
                0x00000000000072f6                sys_clock_idle_exit
 .text.sys_clock_cycle_get_32
                0x00000000000072f8        0x8 zephyr/drivers/timer/libdrivers__timer.a(nrf_rtc_timer.c.obj)
                0x00000000000072f8                sys_clock_cycle_get_32
 .text.pinctrl_lookup_state
                0x0000000000007300       0x2c zephyr/drivers/pinctrl/libdrivers__pinctrl.a(common.c.obj)
                0x0000000000007300                pinctrl_lookup_state
 .text.hw_cc3xx_init_internal
                0x000000000000732c        0x4 modules/nrf/drivers/hw_cc310/lib..__nrf__drivers__hw_cc310.a(hw_cc310.c.obj)
 .text.hw_cc3xx_init
                0x0000000000007330       0x12 modules/nrf/drivers/hw_cc310/lib..__nrf__drivers__hw_cc310.a(hw_cc310.c.obj)
 .text.z_impl_gpio_pin_configure
                0x0000000000007342       0x34 modules/HX711/drivers/sensor/hx711/lib..__modules__HX711__drivers__sensor__hx711.a(hx711.c.obj)
 .text.gpio_pin_interrupt_configure
                0x0000000000007376       0x28 modules/HX711/drivers/sensor/hx711/lib..__modules__HX711__drivers__sensor__hx711.a(hx711.c.obj)
 .text.hx711_gpio_callback
                0x000000000000739e       0x24 modules/HX711/drivers/sensor/hx711/lib..__modules__HX711__drivers__sensor__hx711.a(hx711.c.obj)
 .text.gpio_pin_set.constprop.0
                0x00000000000073c2       0x1c modules/HX711/drivers/sensor/hx711/lib..__modules__HX711__drivers__sensor__hx711.a(hx711.c.obj)
 .text.hx711_cycle
                0x00000000000073de       0x3c modules/HX711/drivers/sensor/hx711/lib..__modules__HX711__drivers__sensor__hx711.a(hx711.c.obj)
 .text.hx711_attr_set
                0x000000000000741a       0x3e modules/HX711/drivers/sensor/hx711/lib..__modules__HX711__drivers__sensor__hx711.a(hx711.c.obj)
 .text.avia_hx711_tare
                0x0000000000007458       0x36 modules/HX711/drivers/sensor/hx711/lib..__modules__HX711__drivers__sensor__hx711.a(hx711.c.obj)
                0x0000000000007458                avia_hx711_tare
 .text.nrf91_errata_14
                0x000000000000748e       0x20 modules/hal_nordic/nrfx/libmodules__hal_nordic__nrfx.a(system_nrf9160.c.obj)
 .text.nrfx_isr
                0x00000000000074ae        0x2 modules/hal_nordic/nrfx/libmodules__hal_nordic__nrfx.a(nrfx_glue.c.obj)
                0x00000000000074ae                nrfx_isr
 .text.nrfx_busy_wait
                0x00000000000074b0        0x4 modules/hal_nordic/nrfx/libmodules__hal_nordic__nrfx.a(nrfx_glue.c.obj)
                0x00000000000074b0                nrfx_busy_wait
 .text.clock_stop
                0x00000000000074b4       0xb4 modules/hal_nordic/nrfx/libmodules__hal_nordic__nrfx.a(nrfx_clock.c.obj)
 .text.nrfx_clock_enable
                0x0000000000007568       0x1c modules/hal_nordic/nrfx/libmodules__hal_nordic__nrfx.a(nrfx_clock.c.obj)
                0x0000000000007568                nrfx_clock_enable
 .text.nrfx_clock_start
                0x0000000000007584       0x80 modules/hal_nordic/nrfx/libmodules__hal_nordic__nrfx.a(nrfx_clock.c.obj)
                0x0000000000007584                nrfx_clock_start
 .text.nrfx_clock_stop
                0x0000000000007604        0x4 modules/hal_nordic/nrfx/libmodules__hal_nordic__nrfx.a(nrfx_clock.c.obj)
                0x0000000000007604                nrfx_clock_stop
 .text.z_device_state_init
                0x0000000000007608        0x2 zephyr/kernel/libkernel.a(device.c.obj)
                0x0000000000007608                z_device_state_init
 .text.z_device_is_ready
                0x000000000000760a       0x16 zephyr/kernel/libkernel.a(device.c.obj)
                0x000000000000760a                z_device_is_ready
 .text.z_early_memset
                0x0000000000007620        0x4 zephyr/kernel/libkernel.a(init.c.obj)
                0x0000000000007620                z_early_memset
 .text.z_early_memcpy
                0x0000000000007624        0x4 zephyr/kernel/libkernel.a(init.c.obj)
                0x0000000000007624                z_early_memcpy
 .text.create_free_list
                0x0000000000007628       0x2c zephyr/kernel/libkernel.a(mem_slab.c.obj)
 .text.k_mem_slab_init
                0x0000000000007654       0x1c zephyr/kernel/libkernel.a(mem_slab.c.obj)
                0x0000000000007654                k_mem_slab_init
 .text.k_mem_slab_free
                0x0000000000007670       0x52 zephyr/kernel/libkernel.a(mem_slab.c.obj)
                0x0000000000007670                k_mem_slab_free
 .text.k_is_in_isr
                0x00000000000076c2        0xc zephyr/kernel/libkernel.a(thread.c.obj)
                0x00000000000076c2                k_is_in_isr
 .text.z_impl_k_thread_name_set
                0x00000000000076ce        0x6 zephyr/kernel/libkernel.a(thread.c.obj)
                0x00000000000076ce                z_impl_k_thread_name_set
 .text.k_thread_name_get
                0x00000000000076d4        0x4 zephyr/kernel/libkernel.a(thread.c.obj)
                0x00000000000076d4                k_thread_name_get
 .text.z_pm_save_idle_exit
                0x00000000000076d8        0xe zephyr/kernel/libkernel.a(idle.c.obj)
                0x00000000000076d8                z_pm_save_idle_exit
 .text.adjust_owner_prio.isra.0
                0x00000000000076e6       0x10 zephyr/kernel/libkernel.a(mutex.c.obj)
 .text.z_impl_k_mutex_init
                0x00000000000076f6        0xe zephyr/kernel/libkernel.a(mutex.c.obj)
                0x00000000000076f6                z_impl_k_mutex_init
 .text.z_impl_k_sem_init
                0x0000000000007704       0x18 zephyr/kernel/libkernel.a(sem.c.obj)
                0x0000000000007704                z_impl_k_sem_init
 .text.sys_dlist_remove
                0x000000000000771c       0x10 zephyr/kernel/libkernel.a(sched.c.obj)
 .text.unpend_thread_no_timeout
                0x000000000000772c       0x14 zephyr/kernel/libkernel.a(sched.c.obj)
 .text.z_thread_timeout
                0x0000000000007740       0x44 zephyr/kernel/libkernel.a(sched.c.obj)
                0x0000000000007740                z_thread_timeout
 .text.add_to_waitq_locked
                0x0000000000007784       0x50 zephyr/kernel/libkernel.a(sched.c.obj)
 .text.z_ready_thread
                0x00000000000077d4       0x20 zephyr/kernel/libkernel.a(sched.c.obj)
                0x00000000000077d4                z_ready_thread
 .text.z_unpend_thread_no_timeout
                0x00000000000077f4       0x20 zephyr/kernel/libkernel.a(sched.c.obj)
                0x00000000000077f4                z_unpend_thread_no_timeout
 .text.z_unpend1_no_timeout
                0x0000000000007814       0x2e zephyr/kernel/libkernel.a(sched.c.obj)
                0x0000000000007814                z_unpend1_no_timeout
 .text.z_unpend_first_thread
                0x0000000000007842       0x38 zephyr/kernel/libkernel.a(sched.c.obj)
                0x0000000000007842                z_unpend_first_thread
 .text.z_reschedule_irqlock
                0x000000000000787a       0x18 zephyr/kernel/libkernel.a(sched.c.obj)
                0x000000000000787a                z_reschedule_irqlock
 .text.z_reschedule_unlocked
                0x0000000000007892       0x14 zephyr/kernel/libkernel.a(sched.c.obj)
 .text.z_abort_timeout
                0x00000000000078a6       0x2c zephyr/kernel/libkernel.a(timeout.c.obj)
                0x00000000000078a6                z_abort_timeout
 .text.z_get_next_timeout_expiry
                0x00000000000078d2       0x20 zephyr/kernel/libkernel.a(timeout.c.obj)
                0x00000000000078d2                z_get_next_timeout_expiry
 .text.z_set_timeout_expiry
                0x00000000000078f2       0x38 zephyr/kernel/libkernel.a(timeout.c.obj)
                0x00000000000078f2                z_set_timeout_expiry
 .text.sys_clock_tick_get_32
                0x000000000000792a        0x8 zephyr/kernel/libkernel.a(timeout.c.obj)
                0x000000000000792a                sys_clock_tick_get_32
 .text.z_impl_k_uptime_ticks
                0x0000000000007932        0x4 zephyr/kernel/libkernel.a(timeout.c.obj)
                0x0000000000007932                z_impl_k_uptime_ticks
 .text.z_impl_k_busy_wait
                0x0000000000007936        0x8 zephyr/kernel/libkernel.a(timeout.c.obj)
                0x0000000000007936                z_impl_k_busy_wait
 .text.k_timer_init
                0x000000000000793e       0x18 zephyr/kernel/libkernel.a(timer.c.obj)
                0x000000000000793e                k_timer_init
 .text.z_impl_k_timer_stop
                0x0000000000007956       0x3a zephyr/kernel/libkernel.a(timer.c.obj)
                0x0000000000007956                z_impl_k_timer_stop
 *(SORT_BY_ALIGNMENT(.TEXT.*))
 *(SORT_BY_ALIGNMENT(.gnu.linkonce.t.*))
 *(SORT_BY_ALIGNMENT(.glue_7t))
 .glue_7t       0x0000000000007990        0x0 linker stubs
 *(SORT_BY_ALIGNMENT(.glue_7))
 .glue_7        0x0000000000007990        0x0 linker stubs
 *(SORT_BY_ALIGNMENT(.vfp11_veneer))
 .vfp11_veneer  0x0000000000007990        0x0 linker stubs
 *(SORT_BY_ALIGNMENT(.v4_bx))
 .v4_bx         0x0000000000007990        0x0 linker stubs
                0x0000000000007990                . = ALIGN (0x4)
                0x0000000000007990                __text_region_end = .

.ARM.exidx      0x0000000000007990        0x8
                0x0000000000007990                __exidx_start = .
 *(SORT_BY_ALIGNMENT(.ARM.exidx*) SORT_BY_ALIGNMENT(gnu.linkonce.armexidx.*))
 .ARM.exidx     0x0000000000007990        0x8 c:/ncs/toolchains/v2.2.0/opt/zephyr-sdk/arm-zephyr-eabi/bin/../lib/gcc/arm-zephyr-eabi/12.1.0/thumb/v8-m.main/nofp\libgcc.a(_udivmoddi4.o)
                0x0000000000007998                __exidx_end = .
                0x0000000000007998                __rodata_region_start = .

initlevel       0x0000000000007998       0x60
                0x0000000000007998                __init_start = .
                0x0000000000007998                __init_EARLY_start = .
 *(SORT_BY_NAME(SORT_BY_ALIGNMENT(.z_init_EARLY[0-9]_*)))
 *(SORT_BY_NAME(SORT_BY_ALIGNMENT(.z_init_EARLY[1-9][0-9]_*)))
                0x0000000000007998                __init_PRE_KERNEL_1_start = .
 *(SORT_BY_NAME(SORT_BY_ALIGNMENT(.z_init_PRE_KERNEL_1[0-9]_*)))
 .z_init_PRE_KERNEL_10_
                0x0000000000007998        0x8 zephyr/libzephyr.a(soc.c.obj)
 *(SORT_BY_NAME(SORT_BY_ALIGNMENT(.z_init_PRE_KERNEL_1[1-9][0-9]_*)))
 .z_init_PRE_KERNEL_130_
                0x00000000000079a0        0x8 zephyr/drivers/clock_control/libdrivers__clock_control.a(clock_control_nrf.c.obj)
 .z_init_PRE_KERNEL_130_
                0x00000000000079a8        0x8 zephyr/kernel/libkernel.a(mem_slab.c.obj)
 .z_init_PRE_KERNEL_140_
                0x00000000000079b0        0x8 zephyr/drivers/gpio/libdrivers__gpio.a(gpio_nrfx.c.obj)
 .z_init_PRE_KERNEL_140_
                0x00000000000079b8        0x8 modules/nrf/drivers/hw_cc310/lib..__nrf__drivers__hw_cc310.a(hw_cc310.c.obj)
 .z_init_PRE_KERNEL_155_
                0x00000000000079c0       0x10 zephyr/drivers/serial/libdrivers__serial.a(uart_nrfx_uarte.c.obj)
 .z_init_PRE_KERNEL_160_
                0x00000000000079d0        0x8 zephyr/drivers/console/libdrivers__console.a(uart_console.c.obj)
                0x00000000000079d8                __init_PRE_KERNEL_2_start = .
 *(SORT_BY_NAME(SORT_BY_ALIGNMENT(.z_init_PRE_KERNEL_2[0-9]_*)))
 .z_init_PRE_KERNEL_20_
                0x00000000000079d8        0x8 zephyr/drivers/timer/libdrivers__timer.a(nrf_rtc_timer.c.obj)
 *(SORT_BY_NAME(SORT_BY_ALIGNMENT(.z_init_PRE_KERNEL_2[1-9][0-9]_*)))
                0x00000000000079e0                __init_POST_KERNEL_start = .
 *(SORT_BY_NAME(SORT_BY_ALIGNMENT(.z_init_POST_KERNEL[0-9]_*)))
 .z_init_POST_KERNEL0_
                0x00000000000079e0        0x8 zephyr/libzephyr.a(log_core.c.obj)
 *(SORT_BY_NAME(SORT_BY_ALIGNMENT(.z_init_POST_KERNEL[1-9][0-9]_*)))
 .z_init_POST_KERNEL40_
                0x00000000000079e8        0x8 modules/nrf/drivers/hw_cc310/lib..__nrf__drivers__hw_cc310.a(hw_cc310.c.obj)
 .z_init_POST_KERNEL90_
                0x00000000000079f0        0x8 modules/HX711/drivers/sensor/hx711/lib..__modules__HX711__drivers__sensor__hx711.a(hx711.c.obj)
                0x00000000000079f8                __init_APPLICATION_start = .
 *(SORT_BY_NAME(SORT_BY_ALIGNMENT(.z_init_APPLICATION[0-9]_*)))
 *(SORT_BY_NAME(SORT_BY_ALIGNMENT(.z_init_APPLICATION[1-9][0-9]_*)))
                0x00000000000079f8                __init_SMP_start = .
 *(SORT_BY_NAME(SORT_BY_ALIGNMENT(.z_init_SMP[0-9]_*)))
 *(SORT_BY_NAME(SORT_BY_ALIGNMENT(.z_init_SMP[1-9][0-9]_*)))
                0x00000000000079f8                __init_end = .

devices         0x00000000000079f8       0x78
                0x00000000000079f8                __device_start = .
                0x00000000000079f8                __device_EARLY_start = .
 *(SORT_BY_NAME(SORT_BY_ALIGNMENT(.z_device_EARLY[0-9]_*)))
 *(SORT_BY_NAME(SORT_BY_ALIGNMENT(.z_device_EARLY[1-9][0-9]_*)))
                0x00000000000079f8                __device_PRE_KERNEL_1_start = .
 *(SORT_BY_NAME(SORT_BY_ALIGNMENT(.z_device_PRE_KERNEL_1[0-9]_*)))
 *(SORT_BY_NAME(SORT_BY_ALIGNMENT(.z_device_PRE_KERNEL_1[1-9][0-9]_*)))
 .z_device_PRE_KERNEL_130_
                0x00000000000079f8       0x18 zephyr/drivers/clock_control/libdrivers__clock_control.a(clock_control_nrf.c.obj)
                0x00000000000079f8                __device_dts_ord_70
 .z_device_PRE_KERNEL_140_
                0x0000000000007a10       0x18 zephyr/drivers/gpio/libdrivers__gpio.a(gpio_nrfx.c.obj)
                0x0000000000007a10                __device_dts_ord_9
 .z_device_PRE_KERNEL_155_
                0x0000000000007a28       0x30 zephyr/drivers/serial/libdrivers__serial.a(uart_nrfx_uarte.c.obj)
                0x0000000000007a28                __device_dts_ord_101
                0x0000000000007a40                __device_dts_ord_100
                0x0000000000007a58                __device_PRE_KERNEL_2_start = .
 *(SORT_BY_NAME(SORT_BY_ALIGNMENT(.z_device_PRE_KERNEL_2[0-9]_*)))
 *(SORT_BY_NAME(SORT_BY_ALIGNMENT(.z_device_PRE_KERNEL_2[1-9][0-9]_*)))
                0x0000000000007a58                __device_POST_KERNEL_start = .
 *(SORT_BY_NAME(SORT_BY_ALIGNMENT(.z_device_POST_KERNEL[0-9]_*)))
 *(SORT_BY_NAME(SORT_BY_ALIGNMENT(.z_device_POST_KERNEL[1-9][0-9]_*)))
 .z_device_POST_KERNEL90_
                0x0000000000007a58       0x18 modules/HX711/drivers/sensor/hx711/lib..__modules__HX711__drivers__sensor__hx711.a(hx711.c.obj)
                0x0000000000007a58                __device_dts_ord_11
                0x0000000000007a70                __device_APPLICATION_start = .
 *(SORT_BY_NAME(SORT_BY_ALIGNMENT(.z_device_APPLICATION[0-9]_*)))
 *(SORT_BY_NAME(SORT_BY_ALIGNMENT(.z_device_APPLICATION[1-9][0-9]_*)))
                0x0000000000007a70                __device_SMP_start = .
 *(SORT_BY_NAME(SORT_BY_ALIGNMENT(.z_device_SMP[0-9]_*)))
 *(SORT_BY_NAME(SORT_BY_ALIGNMENT(.z_device_SMP[1-9][0-9]_*)))
                0x0000000000007a70                __device_end = .

sw_isr_table    0x0000000000007a70      0x208
                0x0000000000007a70                . = ALIGN (0x4)
 *(SORT_BY_ALIGNMENT(.gnu.linkonce.sw_isr_table*))
 .gnu.linkonce.sw_isr_table
                0x0000000000007a70      0x208 zephyr/arch/common/libisr_tables.a(isr_tables.c.obj)
                0x0000000000007a70                _sw_isr_table

initlevel_error
                0x0000000000007998        0x0
 *(SORT_BY_NAME(SORT_BY_ALIGNMENT(.z_init_[_A-Z0-9]*)))
                0x0000000000000001                ASSERT ((SIZEOF (initlevel_error) == 0x0), Undefined initialization levels used.)

app_shmem_regions
                0x0000000000007c78        0x0
                0x0000000000007c78                __app_shmem_regions_start = .
 *(SORT_BY_NAME(SORT_BY_ALIGNMENT(.app_regions.*)))
                0x0000000000007c78                __app_shmem_regions_end = .

k_p4wq_initparam_area
                0x0000000000007c78        0x0
                0x0000000000007c78                _k_p4wq_initparam_list_start = .
 *(SORT_BY_NAME(SORT_BY_ALIGNMENT(._k_p4wq_initparam.static.*)))
                0x0000000000007c78                _k_p4wq_initparam_list_end = .

_static_thread_data_area
                0x0000000000007c78        0x0
                0x0000000000007c78                __static_thread_data_list_start = .
 *(SORT_BY_NAME(SORT_BY_ALIGNMENT(.__static_thread_data.static.*)))
                0x0000000000007c78                __static_thread_data_list_end = .

device_handles  0x0000000000007c78       0x4e
                0x0000000000007c78                __device_handles_start = .
 *(SORT_BY_NAME(SORT_BY_ALIGNMENT(.__device_handles_pass1*)))
 .__device_handles_pass1
                0x0000000000007c78        0xa zephyr/drivers/clock_control/libdrivers__clock_control.a(clock_control_nrf.c.obj)
                0x0000000000007c78                __devicehdl_dts_ord_70
 .__device_handles_pass1
                0x0000000000007c82       0x1e zephyr/drivers/gpio/libdrivers__gpio.a(gpio_nrfx.c.obj)
                0x0000000000007c82                __devicehdl_dts_ord_9
 .__device_handles_pass1
                0x0000000000007ca0       0x1c zephyr/drivers/serial/libdrivers__serial.a(uart_nrfx_uarte.c.obj)
                0x0000000000007ca0                __devicehdl_dts_ord_101
                0x0000000000007cae                __devicehdl_dts_ord_100
 .__device_handles_pass1
                0x0000000000007cbc        0xa modules/HX711/drivers/sensor/hx711/lib..__modules__HX711__drivers__sensor__hx711.a(hx711.c.obj)
                0x0000000000007cbc                __devicehdl_dts_ord_11
                0x0000000000007cc6                __device_handles_end = .

ztest           0x0000000000007cc6        0x0
                0x0000000000007cc6                _ztest_expected_result_entry_list_start = .
 *(SORT_BY_NAME(SORT_BY_ALIGNMENT(._ztest_expected_result_entry.static.*)))
                0x0000000000007cc6                _ztest_expected_result_entry_list_end = .
                0x0000000000007cc6                _ztest_suite_node_list_start = .
 *(SORT_BY_NAME(SORT_BY_ALIGNMENT(._ztest_suite_node.static.*)))
                0x0000000000007cc6                _ztest_suite_node_list_end = .
                0x0000000000007cc6                _ztest_unit_test_list_start = .
 *(SORT_BY_NAME(SORT_BY_ALIGNMENT(._ztest_unit_test.static.*)))
                0x0000000000007cc6                _ztest_unit_test_list_end = .
                0x0000000000007cc6                _ztest_test_rule_list_start = .
 *(SORT_BY_NAME(SORT_BY_ALIGNMENT(._ztest_test_rule.static.*)))
                0x0000000000007cc6                _ztest_test_rule_list_end = .

bt_l2cap_fixed_chan_area
                0x0000000000007cc6        0x0
                0x0000000000007cc6                _bt_l2cap_fixed_chan_list_start = .
 *(SORT_BY_NAME(SORT_BY_ALIGNMENT(._bt_l2cap_fixed_chan.static.*)))
                0x0000000000007cc6                _bt_l2cap_fixed_chan_list_end = .

bt_gatt_service_static_area
                0x0000000000007cc6        0x0
                0x0000000000007cc6                _bt_gatt_service_static_list_start = .
 *(SORT_BY_NAME(SORT_BY_ALIGNMENT(._bt_gatt_service_static.static.*)))
                0x0000000000007cc6                _bt_gatt_service_static_list_end = .

log_strings_sections
                0x0000000000007cc6        0x0
                0x0000000000007cc6                __log_strings_start = .
 *(SORT_BY_NAME(SORT_BY_ALIGNMENT(.log_strings*)))
                0x0000000000007cc6                __log_strings_end = .

log_const_sections
                0x0000000000007cc8       0x68
                0x0000000000007cc8                __log_const_start = .
 *(SORT_BY_NAME(SORT_BY_ALIGNMENT(.log_const_*)))
 .log_const_HX711
                0x0000000000007cc8        0x8 modules/HX711/drivers/sensor/hx711/lib..__modules__HX711__drivers__sensor__hx711.a(hx711.c.obj)
                0x0000000000007cc8                log_const_HX711
 .log_const_cbprintf_package
                0x0000000000007cd0        0x8 zephyr/libzephyr.a(cbprintf_packaged.c.obj)
                0x0000000000007cd0                log_const_cbprintf_package
 .log_const_clock_control
                0x0000000000007cd8        0x8 zephyr/drivers/clock_control/libdrivers__clock_control.a(clock_control_nrf.c.obj)
                0x0000000000007cd8                log_const_clock_control
 .log_const_fatal_error
                0x0000000000007ce0        0x8 modules/nrf/lib/fatal_error/lib..__nrf__lib__fatal_error.a(fatal_error.c.obj)
                0x0000000000007ce0                log_const_fatal_error
 .log_const_log
                0x0000000000007ce8        0x8 zephyr/libzephyr.a(log_core.c.obj)
                0x0000000000007ce8                log_const_log
 .log_const_log_mgmt
                0x0000000000007cf0        0x8 zephyr/libzephyr.a(log_mgmt.c.obj)
                0x0000000000007cf0                log_const_log_mgmt
 .log_const_log_uart
                0x0000000000007cf8        0x8 zephyr/libzephyr.a(log_backend_uart.c.obj)
                0x0000000000007cf8                log_const_log_uart
 .log_const_main
                0x0000000000007d00        0x8 app/libapp.a(main.c.obj)
                0x0000000000007d00                log_const_main
 .log_const_mpu
                0x0000000000007d08        0x8 zephyr/arch/arch/arm/core/aarch32/mpu/libarch__arm__core__aarch32__mpu.a(arm_core_mpu.c.obj)
                0x0000000000007d08                log_const_mpu
 .log_const_os  0x0000000000007d10        0x8 zephyr/kernel/libkernel.a(init.c.obj)
                0x0000000000007d10                log_const_os
 .log_const_pm  0x0000000000007d18        0x8 zephyr/libzephyr.a(pm.c.obj)
                0x0000000000007d18                log_const_pm
 .log_const_soc
                0x0000000000007d20        0x8 zephyr/libzephyr.a(soc.c.obj)
                0x0000000000007d20                log_const_soc
 .log_const_uart_nrfx_uarte
                0x0000000000007d28        0x8 zephyr/drivers/serial/libdrivers__serial.a(uart_nrfx_uarte.c.obj)
                0x0000000000007d28                log_const_uart_nrfx_uarte
                0x0000000000007d30                __log_const_end = .

log_backend_area
                0x0000000000007d30       0x10
                0x0000000000007d30                _log_backend_list_start = .
 *(SORT_BY_NAME(SORT_BY_ALIGNMENT(._log_backend.static.*)))
 ._log_backend.static.log_backend_uart
                0x0000000000007d30       0x10 zephyr/libzephyr.a(log_backend_uart.c.obj)
                0x0000000000007d40                _log_backend_list_end = .

log_link_area   0x0000000000007d40        0x0
                0x0000000000007d40                _log_link_list_start = .
 *(SORT_BY_NAME(SORT_BY_ALIGNMENT(._log_link.static.*)))
                0x0000000000007d40                _log_link_list_end = .

tracing_backend_area
                0x0000000000007d40        0x0
                0x0000000000007d40                _tracing_backend_list_start = .
 *(SORT_BY_NAME(SORT_BY_ALIGNMENT(._tracing_backend.static.*)))
                0x0000000000007d40                _tracing_backend_list_end = .

zephyr_dbg_info
 *(SORT_BY_ALIGNMENT(.dbg_thread_info))

symbol_to_keep  0x0000000000007d40        0x0
                0x0000000000007d40                __symbol_to_keep_start = .
 *(SORT_BY_NAME(SORT_BY_ALIGNMENT(.symbol_to_keep*)))
                0x0000000000007d40                __symbol_to_keep_end = .

shell_area      0x0000000000007d40        0x0
                0x0000000000007d40                _shell_list_start = .
 *(SORT_BY_NAME(SORT_BY_ALIGNMENT(._shell.static.*)))
                0x0000000000007d40                _shell_list_end = .

shell_root_cmds_sections
                0x0000000000007d40        0x0
                0x0000000000007d40                __shell_root_cmds_start = .
 *(SORT_BY_NAME(SORT_BY_ALIGNMENT(.shell_root_cmd_*)))
                0x0000000000007d40                __shell_root_cmds_end = .

shell_subcmds_sections
                0x0000000000007d40        0x0
                0x0000000000007d40                __shell_subcmds_start = .
 *(SORT_BY_NAME(SORT_BY_ALIGNMENT(.shell_subcmd_*)))
                0x0000000000007d40                __shell_subcmds_end = .

shell_dynamic_subcmds_sections
                0x0000000000007d40        0x0
                0x0000000000007d40                __shell_dynamic_subcmds_start = .
 *(SORT_BY_NAME(SORT_BY_ALIGNMENT(.shell_dynamic_subcmd_*)))
                0x0000000000007d40                __shell_dynamic_subcmds_end = .

font_entry_sections
                0x0000000000007d40        0x0
                0x0000000000007d40                __font_entry_start = .
 *(SORT_BY_NAME(SORT_BY_ALIGNMENT(._cfb_font.*)))
                0x0000000000007d40                __font_entry_end = .

rodata          0x0000000000007d40      0xbb4
 *(SORT_BY_ALIGNMENT(.rodata))
 *(SORT_BY_ALIGNMENT(.rodata.*))
 .rodata.delay_machine_code.0
                0x0000000000007d40        0x6 zephyr/libzephyr.a(soc.c.obj)
 *fill*         0x0000000000007d46        0x2 
 .rodata.mpsc_config
                0x0000000000007d48       0x14 zephyr/libzephyr.a(log_core.c.obj)
 .rodata.format_table
                0x0000000000007d5c       0x10 zephyr/libzephyr.a(log_core.c.obj)
 .rodata.colors
                0x0000000000007d6c       0x14 zephyr/libzephyr.a(log_output.c.obj)
 .rodata.severity
                0x0000000000007d80       0x14 zephyr/libzephyr.a(log_output.c.obj)
 .rodata.log_backend_uart_api
                0x0000000000007d94       0x1c zephyr/libzephyr.a(log_backend_uart.c.obj)
                0x0000000000007d94                log_backend_uart_api
 .rodata.log_output_uart
                0x0000000000007db0       0x10 zephyr/libzephyr.a(log_backend_uart.c.obj)
 .rodata.pmstates_DT_N_S_cpus_S_cpu_0
                0x0000000000007dc0        0x0 zephyr/libzephyr.a(state.c.obj)
 .rodata.apis   0x0000000000007dc0        0x8 zephyr/libzephyr.a(nrf_cc3xx_platform_abort_zephyr.c.obj)
 .rodata.mutexes
                0x0000000000007dc8       0x14 zephyr/libzephyr.a(nrf_cc3xx_platform_mutex_zephyr.c.obj)
 .rodata.mutex_apis
                0x0000000000007ddc       0x10 zephyr/libzephyr.a(nrf_cc3xx_platform_mutex_zephyr.c.obj)
 .rodata.static_regions
                0x0000000000007dec        0xc zephyr/arch/arch/arm/core/aarch32/mpu/libarch__arm__core__aarch32__mpu.a(arm_core_mpu.c.obj)
 .rodata.mpu_config
                0x0000000000007df8        0x8 zephyr/soc/arm/common/cortex_m/libsoc__arm__common__cortex_m.a(arm_mpu_regions.c.obj)
                0x0000000000007df8                mpu_config
 .rodata.mpu_regions
                0x0000000000007e00       0x20 zephyr/soc/arm/common/cortex_m/libsoc__arm__common__cortex_m.a(arm_mpu_regions.c.obj)
 .rodata.transitions.0
                0x0000000000007e20        0xc zephyr/drivers/clock_control/libdrivers__clock_control.a(clock_control_nrf.c.obj)
 .rodata.config
                0x0000000000007e2c       0x18 zephyr/drivers/clock_control/libdrivers__clock_control.a(clock_control_nrf.c.obj)
 .rodata.clock_control_api
                0x0000000000007e44       0x1c zephyr/drivers/clock_control/libdrivers__clock_control.a(clock_control_nrf.c.obj)
 .rodata.gpio_nrfx_p0_cfg
                0x0000000000007e60       0x10 zephyr/drivers/gpio/libdrivers__gpio.a(gpio_nrfx.c.obj)
 .rodata.gpio_nrfx_drv_api_funcs
                0x0000000000007e70       0x24 zephyr/drivers/gpio/libdrivers__gpio.a(gpio_nrfx.c.obj)
 .rodata.uarte_1z_config
                0x0000000000007e94       0x10 zephyr/drivers/serial/libdrivers__serial.a(uart_nrfx_uarte.c.obj)
 .rodata.__pinctrl_dev_config__device_dts_ord_101
                0x0000000000007ea4        0xc zephyr/drivers/serial/libdrivers__serial.a(uart_nrfx_uarte.c.obj)
 .rodata.__pinctrl_states__device_dts_ord_101
                0x0000000000007eb0        0x8 zephyr/drivers/serial/libdrivers__serial.a(uart_nrfx_uarte.c.obj)
 .rodata.__pinctrl_state_pins_0__device_dts_ord_101
                0x0000000000007eb8       0x10 zephyr/drivers/serial/libdrivers__serial.a(uart_nrfx_uarte.c.obj)
 .rodata.uarte_0z_config
                0x0000000000007ec8       0x10 zephyr/drivers/serial/libdrivers__serial.a(uart_nrfx_uarte.c.obj)
 .rodata.__pinctrl_dev_config__device_dts_ord_100
                0x0000000000007ed8        0xc zephyr/drivers/serial/libdrivers__serial.a(uart_nrfx_uarte.c.obj)
 .rodata.__pinctrl_states__device_dts_ord_100
                0x0000000000007ee4        0x8 zephyr/drivers/serial/libdrivers__serial.a(uart_nrfx_uarte.c.obj)
 .rodata.__pinctrl_state_pins_0__device_dts_ord_100
                0x0000000000007eec       0x10 zephyr/drivers/serial/libdrivers__serial.a(uart_nrfx_uarte.c.obj)
 .rodata.uart_nrfx_uarte_driver_api
                0x0000000000007efc       0x14 zephyr/drivers/serial/libdrivers__serial.a(uart_nrfx_uarte.c.obj)
 .rodata.hx711_api
                0x0000000000007f10       0x14 modules/HX711/drivers/sensor/hx711/lib..__modules__HX711__drivers__sensor__hx711.a(hx711.c.obj)
 .rodata.hx711_config
                0x0000000000007f24       0x1c modules/HX711/drivers/sensor/hx711/lib..__modules__HX711__drivers__sensor__hx711.a(hx711.c.obj)
 .rodata._k_neg_eagain
                0x0000000000007f40        0x4 zephyr/kernel/libkernel.a(errno.c.obj)
                0x0000000000007f40                _k_neg_eagain
 .rodata.CSWTCH.474
                0x0000000000007f44       0x14 zephyr/kernel/libkernel.a(fatal.c.obj)
 .rodata.levels.0
                0x0000000000007f58       0x18 zephyr/kernel/libkernel.a(init.c.obj)
 .rodata.CSWTCH.10
                0x0000000000007f70       0x1c C:/ncs/v2.2.0/nrfxlib/crypto/nrf_cc310_platform/lib/cortex-m33/soft-float/no-interrupts/libnrf_cc310_platform_0.9.16.a(nrf_cc3xx_platform.c.obj)
 .rodata.mutex_free.str1.4
                0x0000000000007f8c       0x26 C:/ncs/v2.2.0/nrfxlib/crypto/nrf_cc310_platform/lib/cortex-m33/soft-float/no-interrupts/libnrf_cc310_platform_0.9.16.a(nrf_cc3xx_platform_mutex.c.obj)
 *fill*         0x0000000000007fb2        0x2 
 .rodata.mutex_init.str1.4
                0x0000000000007fb4       0x23 C:/ncs/v2.2.0/nrfxlib/crypto/nrf_cc310_platform/lib/cortex-m33/soft-float/no-interrupts/libnrf_cc310_platform_0.9.16.a(nrf_cc3xx_platform_mutex.c.obj)
 *fill*         0x0000000000007fd7        0x1 
 .rodata.CC_PalPowerSaveModeInit.str1.4
                0x0000000000007fd8       0x20 C:/ncs/v2.2.0/nrfxlib/crypto/nrf_cc310_platform/lib/cortex-m33/soft-float/no-interrupts/libnrf_cc310_platform_0.9.16.a(cc_pal_pm.c.obj)
 .rodata.measure.str1.1
                0x0000000000007ff8       0x32 app/libapp.a(main.c.obj)
 .rodata.main.str1.1
                0x000000000000802a       0x72 app/libapp.a(main.c.obj)
 .rodata.str1.1
                0x000000000000809c        0x5 app/libapp.a(main.c.obj)
 .rodata.cbprintf_package_convert.str1.1
                0x00000000000080a1       0xa3 zephyr/libzephyr.a(cbprintf_packaged.c.obj)
 .rodata.str1.1
                0x0000000000008144       0x11 zephyr/libzephyr.a(cbprintf_packaged.c.obj)
 .rodata.z_cbvprintf_impl.str1.1
                0x0000000000008155        0x6 zephyr/libzephyr.a(cbprintf_complete.c.obj)
 .rodata.sys_reboot.str1.1
                0x000000000000815b       0x29 zephyr/libzephyr.a(reboot.c.obj)
 .rodata.str1.1
                0x0000000000008184        0x4 zephyr/libzephyr.a(soc.c.obj)
 .rodata.enable_logger.str1.1
                0x0000000000008188        0x8 zephyr/libzephyr.a(log_core.c.obj)
 .rodata.str1.1
                0x0000000000008190        0x4 zephyr/libzephyr.a(log_core.c.obj)
 .rodata.str1.1
                0x0000000000008194        0x9 zephyr/libzephyr.a(log_mgmt.c.obj)
 .rodata.newline_print.str1.1
                0x000000000000819d        0x3 zephyr/libzephyr.a(log_output.c.obj)
                                          0x5 (size before relaxing)
 .rodata.log_output_process.str1.1
                0x00000000000081a0       0x4c zephyr/libzephyr.a(log_output.c.obj)
                                         0x51 (size before relaxing)
 .rodata.log_output_dropped_process.str1.1
                0x00000000000081ec       0x4c zephyr/libzephyr.a(log_output.c.obj)
                                          0x3 (size before relaxing)
 .rodata.postfix.0
                0x00000000000081ec       0x1c zephyr/libzephyr.a(log_output.c.obj)
 .rodata.prefix.1
                0x0000000000008208        0xc zephyr/libzephyr.a(log_output.c.obj)
 .rodata.str1.1
                0x0000000000008214       0x20 zephyr/libzephyr.a(log_output.c.obj)
 .rodata.str1.1
                0x0000000000008234       0x1a zephyr/libzephyr.a(log_backend_uart.c.obj)
 .rodata.str1.1
                0x000000000000824e        0x3 zephyr/libzephyr.a(pm.c.obj)
 .rodata.mutex_free_platform.str1.1
                0x0000000000008251       0x26 zephyr/libzephyr.a(nrf_cc3xx_platform_mutex_zephyr.c.obj)
 .rodata.mutex_init_platform.str1.1
                0x0000000000008277       0x2d zephyr/libzephyr.a(nrf_cc3xx_platform_mutex_zephyr.c.obj)
 .rodata.z_arm_fatal_error.str1.1
                0x00000000000082a4       0x9b zephyr/arch/arch/arm/core/aarch32/libarch__arm__core__aarch32.a(fatal.c.obj)
 .rodata.mem_manage_fault.constprop.0.str1.1
                0x000000000000833f       0xd8 zephyr/arch/arch/arm/core/aarch32/cortex_m/libarch__arm__core__aarch32__cortex_m.a(fault.c.obj)
 .rodata.bus_fault.constprop.0.str1.1
                0x0000000000008417       0x88 zephyr/arch/arch/arm/core/aarch32/cortex_m/libarch__arm__core__aarch32__cortex_m.a(fault.c.obj)
 .rodata.usage_fault.constprop.0.str1.1
                0x000000000000849f       0xf7 zephyr/arch/arch/arm/core/aarch32/cortex_m/libarch__arm__core__aarch32__cortex_m.a(fault.c.obj)
 .rodata.z_arm_fault.str1.1
                0x0000000000008596      0x111 zephyr/arch/arch/arm/core/aarch32/cortex_m/libarch__arm__core__aarch32__cortex_m.a(fault.c.obj)
 .rodata.str1.1
                0x00000000000086a7        0x4 zephyr/arch/arch/arm/core/aarch32/mpu/libarch__arm__core__aarch32__mpu.a(arm_core_mpu.c.obj)
 .rodata.region_allocate_and_init.part.0.str1.1
                0x00000000000086ab       0x26 zephyr/arch/arch/arm/core/aarch32/mpu/libarch__arm__core__aarch32__mpu.a(arm_mpu.c.obj)
 .rodata.mpu_configure_regions_and_partition.constprop.0.str1.1
                0x00000000000086d1       0x46 zephyr/arch/arch/arm/core/aarch32/mpu/libarch__arm__core__aarch32__mpu.a(arm_mpu.c.obj)
 .rodata.str1.1
                0x0000000000008717        0xf zephyr/soc/arm/common/cortex_m/libsoc__arm__common__cortex_m.a(arm_mpu_regions.c.obj)
 .rodata.str1.1
                0x0000000000008726       0x25 zephyr/drivers/clock_control/libdrivers__clock_control.a(clock_control_nrf.c.obj)
 .rodata.str1.1
                0x000000000000874b        0xc zephyr/drivers/gpio/libdrivers__gpio.a(gpio_nrfx.c.obj)
 .rodata.uarte_instance_init.constprop.0.str1.1
                0x0000000000008757       0x1f zephyr/drivers/serial/libdrivers__serial.a(uart_nrfx_uarte.c.obj)
 .rodata.str1.1
                0x0000000000008776       0x24 zephyr/drivers/serial/libdrivers__serial.a(uart_nrfx_uarte.c.obj)
 .rodata.k_sys_fatal_error_handler.str1.1
                0x000000000000879a       0x11 modules/nrf/lib/fatal_error/lib..__nrf__lib__fatal_error.a(fatal_error.c.obj)
 .rodata.str1.1
                0x00000000000087ab        0xc modules/nrf/lib/fatal_error/lib..__nrf__lib__fatal_error.a(fatal_error.c.obj)
 .rodata.hx711_init.str1.1
                0x00000000000087b7       0x22 modules/HX711/drivers/sensor/hx711/lib..__modules__HX711__drivers__sensor__hx711.a(hx711.c.obj)
 .rodata.hx711_sample_fetch.str1.1
                0x00000000000087d9       0x23 modules/HX711/drivers/sensor/hx711/lib..__modules__HX711__drivers__sensor__hx711.a(hx711.c.obj)
 .rodata.str1.1
                0x00000000000087fc        0x6 modules/HX711/drivers/sensor/hx711/lib..__modules__HX711__drivers__sensor__hx711.a(hx711.c.obj)
 .rodata.z_fatal_error.str1.1
                0x0000000000008802       0x77 zephyr/kernel/libkernel.a(fatal.c.obj)
 .rodata.str1.1
                0x0000000000008879       0x4a zephyr/kernel/libkernel.a(fatal.c.obj)
 .rodata.z_cstart.str1.1
                0x00000000000088c3        0x5 zephyr/kernel/libkernel.a(init.c.obj)
 .rodata.str1.1